Archive member included to satisfy reference by file (symbol)

/Applications/Simplicity Studio.app/Contents/Eclipse/developer/toolchains/gnu_arm/10.3_2021.10/bin/../lib/gcc/arm-none-eabi/10.3.1/thumb/v8-m.main+fp/hard/libgcc.a(_aeabi_ldivmod.o)
                              vscode-build/obj/gecko_sdk_4.3.1/platform/emlib/src/em_usart.o (__aeabi_ldivmod)
/Applications/Simplicity Studio.app/Contents/Eclipse/developer/toolchains/gnu_arm/10.3_2021.10/bin/../lib/gcc/arm-none-eabi/10.3.1/thumb/v8-m.main+fp/hard/libgcc.a(_aeabi_uldivmod.o)
                              vscode-build/obj/gecko_sdk_4.3.1/platform/emlib/src/em_usart.o (__aeabi_uldivmod)
/Applications/Simplicity Studio.app/Contents/Eclipse/developer/toolchains/gnu_arm/10.3_2021.10/bin/../lib/gcc/arm-none-eabi/10.3.1/thumb/v8-m.main+fp/hard/libgcc.a(_udivmoddi4.o)
                              /Applications/Simplicity Studio.app/Contents/Eclipse/developer/toolchains/gnu_arm/10.3_2021.10/bin/../lib/gcc/arm-none-eabi/10.3.1/thumb/v8-m.main+fp/hard/libgcc.a(_aeabi_ldivmod.o) (__udivmoddi4)
/Applications/Simplicity Studio.app/Contents/Eclipse/developer/toolchains/gnu_arm/10.3_2021.10/bin/../lib/gcc/arm-none-eabi/10.3.1/thumb/v8-m.main+fp/hard/libgcc.a(_dvmd_tls.o)
                              /Applications/Simplicity Studio.app/Contents/Eclipse/developer/toolchains/gnu_arm/10.3_2021.10/bin/../lib/gcc/arm-none-eabi/10.3.1/thumb/v8-m.main+fp/hard/libgcc.a(_aeabi_ldivmod.o) (__aeabi_ldiv0)
/Applications/Simplicity Studio.app/Contents/Eclipse/developer/toolchains/gnu_arm/10.3_2021.10/bin/../lib/gcc/arm-none-eabi/10.3.1/../../../../arm-none-eabi/lib/thumb/v8-m.main+fp/hard/libc_nano.a(lib_a-exit.o)
                              /Applications/Simplicity Studio.app/Contents/Eclipse/developer/toolchains/gnu_arm/10.3_2021.10/bin/../lib/gcc/arm-none-eabi/10.3.1/../../../../arm-none-eabi/lib/thumb/v8-m.main+fp/hard/crt0.o (exit)
/Applications/Simplicity Studio.app/Contents/Eclipse/developer/toolchains/gnu_arm/10.3_2021.10/bin/../lib/gcc/arm-none-eabi/10.3.1/../../../../arm-none-eabi/lib/thumb/v8-m.main+fp/hard/libc_nano.a(lib_a-impure.o)
                              /Applications/Simplicity Studio.app/Contents/Eclipse/developer/toolchains/gnu_arm/10.3_2021.10/bin/../lib/gcc/arm-none-eabi/10.3.1/../../../../arm-none-eabi/lib/thumb/v8-m.main+fp/hard/libc_nano.a(lib_a-exit.o) (_global_impure_ptr)
/Applications/Simplicity Studio.app/Contents/Eclipse/developer/toolchains/gnu_arm/10.3_2021.10/bin/../lib/gcc/arm-none-eabi/10.3.1/../../../../arm-none-eabi/lib/thumb/v8-m.main+fp/hard/libc_nano.a(lib_a-init.o)
                              /Applications/Simplicity Studio.app/Contents/Eclipse/developer/toolchains/gnu_arm/10.3_2021.10/bin/../lib/gcc/arm-none-eabi/10.3.1/../../../../arm-none-eabi/lib/thumb/v8-m.main+fp/hard/crt0.o (__libc_init_array)
/Applications/Simplicity Studio.app/Contents/Eclipse/developer/toolchains/gnu_arm/10.3_2021.10/bin/../lib/gcc/arm-none-eabi/10.3.1/../../../../arm-none-eabi/lib/thumb/v8-m.main+fp/hard/libc_nano.a(lib_a-memcpy-stub.o)
                              vscode-build/obj/gecko_sdk_4.3.1/platform/middleware/glib/dmd/display/dmd_memlcd.o (memcpy)
/Applications/Simplicity Studio.app/Contents/Eclipse/developer/toolchains/gnu_arm/10.3_2021.10/bin/../lib/gcc/arm-none-eabi/10.3.1/../../../../arm-none-eabi/lib/thumb/v8-m.main+fp/hard/libc_nano.a(lib_a-memset.o)
                              /Applications/Simplicity Studio.app/Contents/Eclipse/developer/toolchains/gnu_arm/10.3_2021.10/bin/../lib/gcc/arm-none-eabi/10.3.1/../../../../arm-none-eabi/lib/thumb/v8-m.main+fp/hard/crt0.o (memset)
/Applications/Simplicity Studio.app/Contents/Eclipse/developer/toolchains/gnu_arm/10.3_2021.10/bin/../lib/gcc/arm-none-eabi/10.3.1/../../../../arm-none-eabi/lib/thumb/v8-m.main+fp/hard/libc_nano.a(lib_a-strlen.o)
                              vscode-build/obj/gecko_sdk_4.3.1/platform/middleware/glib/glib/glib_string.o (strlen)
/Applications/Simplicity Studio.app/Contents/Eclipse/developer/toolchains/gnu_arm/10.3_2021.10/bin/../lib/gcc/arm-none-eabi/10.3.1/../../../../arm-none-eabi/lib/thumb/v8-m.main+fp/hard/libnosys.a(_exit.o)
                              /Applications/Simplicity Studio.app/Contents/Eclipse/developer/toolchains/gnu_arm/10.3_2021.10/bin/../lib/gcc/arm-none-eabi/10.3.1/../../../../arm-none-eabi/lib/thumb/v8-m.main+fp/hard/libc_nano.a(lib_a-exit.o) (_exit)

Discarded input sections

 .text          0x0000000000000000        0x0 /Applications/Simplicity Studio.app/Contents/Eclipse/developer/toolchains/gnu_arm/10.3_2021.10/bin/../lib/gcc/arm-none-eabi/10.3.1/thumb/v8-m.main+fp/hard/crti.o
 .data          0x0000000000000000        0x0 /Applications/Simplicity Studio.app/Contents/Eclipse/developer/toolchains/gnu_arm/10.3_2021.10/bin/../lib/gcc/arm-none-eabi/10.3.1/thumb/v8-m.main+fp/hard/crti.o
[...]
Memory Configuration

Name             Origin             Length             Attributes
FLASH            0x0000000008000000 0x000000000007e000 xr
RAM              0x0000000020000000 0x0000000000010000 xrw
*default*        0x0000000000000000 0xffffffffffffffff

Linker script and memory map

LOAD /Applications/Simplicity Studio.app/Contents/Eclipse/developer/toolchains/gnu_arm/10.3_2021.10/bin/../lib/gcc/arm-none-eabi/10.3.1/thumb/v8-m.main+fp/hard/crti.o
LOAD /Applications/Simplicity Studio.app/Contents/Eclipse/developer/toolchains/gnu_arm/10.3_2021.10/bin/../lib/gcc/arm-none-eabi/10.3.1/thumb/v8-m.main+fp/hard/crtbegin.o
LOAD /Applications/Simplicity Studio.app/Contents/Eclipse/developer/toolchains/gnu_arm/10.3_2021.10/bin/../lib/gcc/arm-none-eabi/10.3.1/../../../../arm-none-eabi/lib/thumb/v8-m.main+fp/hard/crt0.o
LOAD vscode-build/obj/gecko_sdk_4.3.1/platform/service/udelay/src/sl_udelay_armv6m_gcc.o
LOAD vscode-build/obj/app.o
LOAD vscode-build/obj/autogen/sl_board_default_init.o
LOAD vscode-build/obj/autogen/sl_device_init_clocks.o
LOAD vscode-build/obj/autogen/sl_event_handler.o
LOAD vscode-build/obj/autogen/sl_simple_button_instances.o
LOAD vscode-build/obj/gecko_sdk_4.3.1/hardware/board/src/sl_board_control_gpio.o
LOAD vscode-build/obj/gecko_sdk_4.3.1/hardware/board/src/sl_board_init.o
LOAD vscode-build/obj/gecko_sdk_4.3.1/hardware/driver/configuration_over_swo/src/sl_cos.o
LOAD vscode-build/obj/gecko_sdk_4.3.1/hardware/driver/memlcd/src/memlcd_usart/sl_memlcd_spi.o
LOAD vscode-build/obj/gecko_sdk_4.3.1/hardware/driver/memlcd/src/sl_memlcd.o
LOAD vscode-build/obj/gecko_sdk_4.3.1/hardware/driver/memlcd/src/sl_memlcd_display.o
LOAD vscode-build/obj/gecko_sdk_4.3.1/hardware/driver/mx25_flash_shutdown/src/sl_mx25_flash_shutdown_usart/sl_mx25_flash_shutdown.o
LOAD vscode-build/obj/gecko_sdk_4.3.1/platform/Device/SiliconLabs/EFR32ZG23/Source/startup_efr32zg23.o
LOAD vscode-build/obj/gecko_sdk_4.3.1/platform/Device/SiliconLabs/EFR32ZG23/Source/system_efr32zg23.o
LOAD vscode-build/obj/gecko_sdk_4.3.1/platform/common/src/sl_assert.o
LOAD vscode-build/obj/gecko_sdk_4.3.1/platform/common/toolchain/src/sl_memory.o
LOAD vscode-build/obj/gecko_sdk_4.3.1/platform/driver/button/src/sl_button.o
LOAD vscode-build/obj/gecko_sdk_4.3.1/platform/driver/button/src/sl_simple_button.o
LOAD vscode-build/obj/gecko_sdk_4.3.1/platform/driver/debug/src/sl_debug_swo.o
LOAD vscode-build/obj/gecko_sdk_4.3.1/platform/emdrv/gpiointerrupt/src/gpiointerrupt.o
LOAD vscode-build/obj/gecko_sdk_4.3.1/platform/emlib/src/em_burtc.o
LOAD vscode-build/obj/gecko_sdk_4.3.1/platform/emlib/src/em_cmu.o
LOAD vscode-build/obj/gecko_sdk_4.3.1/platform/emlib/src/em_core.o
LOAD vscode-build/obj/gecko_sdk_4.3.1/platform/emlib/src/em_emu.o
LOAD vscode-build/obj/gecko_sdk_4.3.1/platform/emlib/src/em_gpio.o
LOAD vscode-build/obj/gecko_sdk_4.3.1/platform/emlib/src/em_msc.o
LOAD vscode-build/obj/gecko_sdk_4.3.1/platform/emlib/src/em_prs.o
LOAD vscode-build/obj/gecko_sdk_4.3.1/platform/emlib/src/em_system.o
LOAD vscode-build/obj/gecko_sdk_4.3.1/platform/emlib/src/em_timer.o
LOAD vscode-build/obj/gecko_sdk_4.3.1/platform/emlib/src/em_usart.o
LOAD vscode-build/obj/gecko_sdk_4.3.1/platform/middleware/glib/dmd/display/dmd_memlcd.o
LOAD vscode-build/obj/gecko_sdk_4.3.1/platform/middleware/glib/fonts/glib_font_narrow_6x8.o
LOAD vscode-build/obj/gecko_sdk_4.3.1/platform/middleware/glib/fonts/glib_font_normal_8x8.o
LOAD vscode-build/obj/gecko_sdk_4.3.1/platform/middleware/glib/fonts/glib_font_number_16x20.o
LOAD vscode-build/obj/gecko_sdk_4.3.1/platform/middleware/glib/glib/bmp.o
LOAD vscode-build/obj/gecko_sdk_4.3.1/platform/middleware/glib/glib/glib.o
LOAD vscode-build/obj/gecko_sdk_4.3.1/platform/middleware/glib/glib/glib_bitmap.o
LOAD vscode-build/obj/gecko_sdk_4.3.1/platform/middleware/glib/glib/glib_circle.o
LOAD vscode-build/obj/gecko_sdk_4.3.1/platform/middleware/glib/glib/glib_line.o
LOAD vscode-build/obj/gecko_sdk_4.3.1/platform/middleware/glib/glib/glib_polygon.o
LOAD vscode-build/obj/gecko_sdk_4.3.1/platform/middleware/glib/glib/glib_rectangle.o
LOAD vscode-build/obj/gecko_sdk_4.3.1/platform/middleware/glib/glib/glib_string.o
LOAD vscode-build/obj/gecko_sdk_4.3.1/platform/peripheral/src/peripheral_sysrtc.o
LOAD vscode-build/obj/gecko_sdk_4.3.1/platform/service/device_init/src/sl_device_init_dcdc_s2.o
LOAD vscode-build/obj/gecko_sdk_4.3.1/platform/service/device_init/src/sl_device_init_emu_s2.o
LOAD vscode-build/obj/gecko_sdk_4.3.1/platform/service/device_init/src/sl_device_init_hfxo_s2.o
LOAD vscode-build/obj/gecko_sdk_4.3.1/platform/service/device_init/src/sl_device_init_lfxo_s2.o
LOAD vscode-build/obj/gecko_sdk_4.3.1/platform/service/device_init/src/sl_device_init_nvic.o
LOAD vscode-build/obj/gecko_sdk_4.3.1/platform/service/sleeptimer/src/sl_sleeptimer.o
LOAD vscode-build/obj/gecko_sdk_4.3.1/platform/service/sleeptimer/src/sl_sleeptimer_hal_burtc.o
LOAD vscode-build/obj/gecko_sdk_4.3.1/platform/service/sleeptimer/src/sl_sleeptimer_hal_sysrtc.o
LOAD vscode-build/obj/gecko_sdk_4.3.1/platform/service/sleeptimer/src/sl_sleeptimer_hal_timer.o
LOAD vscode-build/obj/gecko_sdk_4.3.1/platform/service/system/src/sl_system_init.o
LOAD vscode-build/obj/gecko_sdk_4.3.1/platform/service/system/src/sl_system_process_action.o
LOAD vscode-build/obj/gecko_sdk_4.3.1/platform/service/udelay/src/sl_udelay.o
LOAD vscode-build/obj/main.o
LOAD vscode-build/obj/memlcd_app.o
START GROUP
LOAD /Applications/Simplicity Studio.app/Contents/Eclipse/developer/toolchains/gnu_arm/10.3_2021.10/bin/../lib/gcc/arm-none-eabi/10.3.1/thumb/v8-m.main+fp/hard/libgcc.a
LOAD /Applications/Simplicity Studio.app/Contents/Eclipse/developer/toolchains/gnu_arm/10.3_2021.10/bin/../lib/gcc/arm-none-eabi/10.3.1/../../../../arm-none-eabi/lib/thumb/v8-m.main+fp/hard/libc_nano.a
LOAD /Applications/Simplicity Studio.app/Contents/Eclipse/developer/toolchains/gnu_arm/10.3_2021.10/bin/../lib/gcc/arm-none-eabi/10.3.1/../../../../arm-none-eabi/lib/thumb/v8-m.main+fp/hard/libm.a
LOAD /Applications/Simplicity Studio.app/Contents/Eclipse/developer/toolchains/gnu_arm/10.3_2021.10/bin/../lib/gcc/arm-none-eabi/10.3.1/../../../../arm-none-eabi/lib/thumb/v8-m.main+fp/hard/libnosys.a
END GROUP
START GROUP
LOAD /Applications/Simplicity Studio.app/Contents/Eclipse/developer/toolchains/gnu_arm/10.3_2021.10/bin/../lib/gcc/arm-none-eabi/10.3.1/thumb/v8-m.main+fp/hard/libgcc.a
LOAD /Applications/Simplicity Studio.app/Contents/Eclipse/developer/toolchains/gnu_arm/10.3_2021.10/bin/../lib/gcc/arm-none-eabi/10.3.1/../../../../arm-none-eabi/lib/thumb/v8-m.main+fp/hard/libc_nano.a
END GROUP
START GROUP
LOAD /Applications/Simplicity Studio.app/Contents/Eclipse/developer/toolchains/gnu_arm/10.3_2021.10/bin/../lib/gcc/arm-none-eabi/10.3.1/thumb/v8-m.main+fp/hard/libgcc.a
LOAD /Applications/Simplicity Studio.app/Contents/Eclipse/developer/toolchains/gnu_arm/10.3_2021.10/bin/../lib/gcc/arm-none-eabi/10.3.1/../../../../arm-none-eabi/lib/thumb/v8-m.main+fp/hard/libc_nano.a
END GROUP
LOAD /Applications/Simplicity Studio.app/Contents/Eclipse/developer/toolchains/gnu_arm/10.3_2021.10/bin/../lib/gcc/arm-none-eabi/10.3.1/thumb/v8-m.main+fp/hard/crtend.o
LOAD /Applications/Simplicity Studio.app/Contents/Eclipse/developer/toolchains/gnu_arm/10.3_2021.10/bin/../lib/gcc/arm-none-eabi/10.3.1/thumb/v8-m.main+fp/hard/crtn.o

.text           0x0000000008000000     0x45a8
                0x0000000008000000                linker_vectors_begin = .
 *(.vectors)
 .vectors       0x0000000008000000      0x170 vscode-build/obj/gecko_sdk_4.3.1/platform/Device/SiliconLabs/EFR32ZG23/Source/startup_efr32zg23.o
                0x0000000008000000                __Vectors
                0x0000000008000170                linker_vectors_end = .
                0x0000000008000170                __Vectors_End = .
                0x0000000008000170                __Vectors_Size = (__Vectors_End - __Vectors)
                0x0000000008000170                linker_code_begin = .
 *(SORT_BY_ALIGNMENT(.text*))
 .text          0x0000000008000170        0x8 vscode-build/obj/gecko_sdk_4.3.1/platform/service/udelay/src/sl_udelay_armv6m_gcc.o
                0x0000000008000170                sli_delay_loop
 .text          0x0000000008000178       0x40 /Applications/Simplicity Studio.app/Contents/Eclipse/developer/toolchains/gnu_arm/10.3_2021.10/bin/../lib/gcc/arm-none-eabi/10.3.1/thumb/v8-m.main+fp/hard/crtbegin.o
 .text          0x00000000080001b8       0x7c /Applications/Simplicity Studio.app/Contents/Eclipse/developer/toolchains/gnu_arm/10.3_2021.10/bin/../lib/gcc/arm-none-eabi/10.3.1/../../../../arm-none-eabi/lib/thumb/v8-m.main+fp/hard/crt0.o
                0x00000000080001b8                _stack_init
                0x00000000080001c0                _mainCRTStartup
                0x00000000080001c0                _start
 .text.sl_device_init_clocks
                0x0000000008000234       0xac vscode-build/obj/autogen/sl_device_init_clocks.o
                0x0000000008000234                sl_device_init_clocks
 .text.sl_platform_init
                0x00000000080002e0       0x98 vscode-build/obj/autogen/sl_event_handler.o
                0x00000000080002e0                sl_platform_init
 .text.sl_simple_button_init_instances
                0x0000000008000378       0x1c vscode-build/obj/autogen/sl_simple_button_instances.o
                0x0000000008000378                sl_simple_button_init_instances
 .text.sli_memlcd_spi_init
                0x0000000008000394       0x98 vscode-build/obj/gecko_sdk_4.3.1/hardware/driver/memlcd/src/memlcd_usart/sl_memlcd_spi.o
                0x0000000008000394                sli_memlcd_spi_init
 .text.sl_memlcd_power_on.part.0
                0x000000000800042c       0x2c vscode-build/obj/gecko_sdk_4.3.1/hardware/driver/memlcd/src/sl_memlcd.o
 .text.extcomin_toggle
                0x0000000008000458       0x10 vscode-build/obj/gecko_sdk_4.3.1/hardware/driver/memlcd/src/sl_memlcd.o
 .text.sl_memlcd_clear
                0x0000000008000468       0x50 vscode-build/obj/gecko_sdk_4.3.1/hardware/driver/memlcd/src/sl_memlcd.o
                0x0000000008000468                sl_memlcd_clear
 .text.sl_memlcd_configure
                0x00000000080004b8       0x5c vscode-build/obj/gecko_sdk_4.3.1/hardware/driver/memlcd/src/sl_memlcd.o
                0x00000000080004b8                sl_memlcd_configure
 .text.sl_memlcd_draw
                0x0000000008000514       0xb8 vscode-build/obj/gecko_sdk_4.3.1/hardware/driver/memlcd/src/sl_memlcd.o
                0x0000000008000514                sl_memlcd_draw
 .text.sl_memlcd_get
                0x00000000080005cc       0x18 vscode-build/obj/gecko_sdk_4.3.1/hardware/driver/memlcd/src/sl_memlcd.o
                0x00000000080005cc                sl_memlcd_get
 .text.sl_memlcd_init
                0x00000000080005e4       0x20 vscode-build/obj/gecko_sdk_4.3.1/hardware/driver/memlcd/src/sl_memlcd_display.o
                0x00000000080005e4                sl_memlcd_init
 .text.cs_high  0x0000000008000604       0x10 vscode-build/obj/gecko_sdk_4.3.1/hardware/driver/mx25_flash_shutdown/src/sl_mx25_flash_shutdown_usart/sl_mx25_flash_shutdown.o
 .text.cs_low   0x0000000008000614       0x10 vscode-build/obj/gecko_sdk_4.3.1/hardware/driver/mx25_flash_shutdown/src/sl_mx25_flash_shutdown_usart/sl_mx25_flash_shutdown.o
 .text.sl_mx25_flash_shutdown
                0x0000000008000624      0x118 vscode-build/obj/gecko_sdk_4.3.1/hardware/driver/mx25_flash_shutdown/src/sl_mx25_flash_shutdown_usart/sl_mx25_flash_shutdown.o
                0x0000000008000624                sl_mx25_flash_shutdown
 .text.Reset_Handler
                0x000000000800073c       0x60 vscode-build/obj/gecko_sdk_4.3.1/platform/Device/SiliconLabs/EFR32ZG23/Source/startup_efr32zg23.o
                0x000000000800073c                Reset_Handler
 .text.SystemInit
                0x000000000800079c       0x68 vscode-build/obj/gecko_sdk_4.3.1/platform/Device/SiliconLabs/EFR32ZG23/Source/system_efr32zg23.o
                0x000000000800079c                SystemInit
 .text.SystemHFRCODPLLClockGet
                0x0000000008000804        0xc vscode-build/obj/gecko_sdk_4.3.1/platform/Device/SiliconLabs/EFR32ZG23/Source/system_efr32zg23.o
                0x0000000008000804                SystemHFRCODPLLClockGet
 .text.SystemSYSCLKGet
                0x0000000008000810       0x34 vscode-build/obj/gecko_sdk_4.3.1/platform/Device/SiliconLabs/EFR32ZG23/Source/system_efr32zg23.o
                0x0000000008000810                SystemSYSCLKGet
 .text.SystemHCLKGet
                0x0000000008000844       0x24 vscode-build/obj/gecko_sdk_4.3.1/platform/Device/SiliconLabs/EFR32ZG23/Source/system_efr32zg23.o
                0x0000000008000844                SystemHCLKGet
 .text.SystemMaxCoreClockGet
                0x0000000008000868        0x8 vscode-build/obj/gecko_sdk_4.3.1/platform/Device/SiliconLabs/EFR32ZG23/Source/system_efr32zg23.o
                0x0000000008000868                SystemMaxCoreClockGet
 .text.SystemHFXOClockGet
                0x0000000008000870        0xc vscode-build/obj/gecko_sdk_4.3.1/platform/Device/SiliconLabs/EFR32ZG23/Source/system_efr32zg23.o
                0x0000000008000870                SystemHFXOClockGet
 .text.SystemHFXOClockSet
                0x000000000800087c       0x20 vscode-build/obj/gecko_sdk_4.3.1/platform/Device/SiliconLabs/EFR32ZG23/Source/system_efr32zg23.o
                0x000000000800087c                SystemHFXOClockSet
 .text.SystemFSRCOClockGet
                0x000000000800089c        0x8 vscode-build/obj/gecko_sdk_4.3.1/platform/Device/SiliconLabs/EFR32ZG23/Source/system_efr32zg23.o
                0x000000000800089c                SystemFSRCOClockGet
 .text.SystemHFRCOEM23ClockGet
                0x00000000080008a4       0x84 vscode-build/obj/gecko_sdk_4.3.1/platform/Device/SiliconLabs/EFR32ZG23/Source/system_efr32zg23.o
                0x00000000080008a4                SystemHFRCOEM23ClockGet
 .text.SystemLFXOClockGet
                0x0000000008000928        0xc vscode-build/obj/gecko_sdk_4.3.1/platform/Device/SiliconLabs/EFR32ZG23/Source/system_efr32zg23.o
                0x0000000008000928                SystemLFXOClockGet
 .text.GPIO_PinInGet
                0x0000000008000934       0x54 vscode-build/obj/gecko_sdk_4.3.1/platform/driver/button/src/sl_simple_button.o
 .text.sl_simple_button_init
                0x0000000008000988       0x6c vscode-build/obj/gecko_sdk_4.3.1/platform/driver/button/src/sl_simple_button.o
                0x0000000008000988                sl_simple_button_init
 .text.sl_debug_swo_init
                0x00000000080009f4       0xc0 vscode-build/obj/gecko_sdk_4.3.1/platform/driver/debug/src/sl_debug_swo.o
                0x00000000080009f4                sl_debug_swo_init
 .text.GPIOINT_IRQDispatcher
                0x0000000008000ab4       0x38 vscode-build/obj/gecko_sdk_4.3.1/platform/emdrv/gpiointerrupt/src/gpiointerrupt.o
 .text.GPIOINT_Init
                0x0000000008000aec       0x30 vscode-build/obj/gecko_sdk_4.3.1/platform/emdrv/gpiointerrupt/src/gpiointerrupt.o
                0x0000000008000aec                GPIOINT_Init
 .text.GPIOINT_CallbackRegister
                0x0000000008000b1c       0x24 vscode-build/obj/gecko_sdk_4.3.1/platform/emdrv/gpiointerrupt/src/gpiointerrupt.o
                0x0000000008000b1c                GPIOINT_CallbackRegister
 .text.GPIOINT_CallbackRegisterExt
                0x0000000008000b40       0x58 vscode-build/obj/gecko_sdk_4.3.1/platform/emdrv/gpiointerrupt/src/gpiointerrupt.o
                0x0000000008000b40                GPIOINT_CallbackRegisterExt
 .text.GPIO_EVEN_IRQHandler
                0x0000000008000b98       0x24 vscode-build/obj/gecko_sdk_4.3.1/platform/emdrv/gpiointerrupt/src/gpiointerrupt.o
                0x0000000008000b98                GPIO_EVEN_IRQHandler
 .text.GPIO_ODD_IRQHandler
                0x0000000008000bbc       0x24 vscode-build/obj/gecko_sdk_4.3.1/platform/emdrv/gpiointerrupt/src/gpiointerrupt.o
                0x0000000008000bbc                GPIO_ODD_IRQHandler
 .text.EMU_VScaleGet
                0x0000000008000be0       0x18 vscode-build/obj/gecko_sdk_4.3.1/platform/emlib/src/em_cmu.o
 .text.em01GrpaClkGet
                0x0000000008000bf8       0x74 vscode-build/obj/gecko_sdk_4.3.1/platform/emlib/src/em_cmu.o
 .text.em01GrpcClkGet
                0x0000000008000c6c       0x70 vscode-build/obj/gecko_sdk_4.3.1/platform/emlib/src/em_cmu.o
 .text.iadcClkGet
                0x0000000008000cdc       0x60 vscode-build/obj/gecko_sdk_4.3.1/platform/emlib/src/em_cmu.o
 .text.lesenseHFClkGet
                0x0000000008000d3c       0x48 vscode-build/obj/gecko_sdk_4.3.1/platform/emlib/src/em_cmu.o
 .text.eusart0ClkGet
                0x0000000008000d84       0x74 vscode-build/obj/gecko_sdk_4.3.1/platform/emlib/src/em_cmu.o
 .text.em23GrpaClkGet
                0x0000000008000df8       0x48 vscode-build/obj/gecko_sdk_4.3.1/platform/emlib/src/em_cmu.o
 .text.vdac0ClkGet
                0x0000000008000e40       0x70 vscode-build/obj/gecko_sdk_4.3.1/platform/emlib/src/em_cmu.o
 .text.pcnt0ClkGet
                0x0000000008000eb0       0x4c vscode-build/obj/gecko_sdk_4.3.1/platform/emlib/src/em_cmu.o
 .text.wdog0ClkGet
                0x0000000008000efc       0x64 vscode-build/obj/gecko_sdk_4.3.1/platform/emlib/src/em_cmu.o
 .text.wdog1ClkGet
                0x0000000008000f60       0x64 vscode-build/obj/gecko_sdk_4.3.1/platform/emlib/src/em_cmu.o
 .text.sysrtcClkGet
                0x0000000008000fc4       0x48 vscode-build/obj/gecko_sdk_4.3.1/platform/emlib/src/em_cmu.o
 .text.lcdClkGet
                0x000000000800100c       0x54 vscode-build/obj/gecko_sdk_4.3.1/platform/emlib/src/em_cmu.o
 .text.em4GrpaClkGet
                0x0000000008001060       0x48 vscode-build/obj/gecko_sdk_4.3.1/platform/emlib/src/em_cmu.o
 .text.CMU_ClockDivGet
                0x00000000080010a8       0x84 vscode-build/obj/gecko_sdk_4.3.1/platform/emlib/src/em_cmu.o
                0x00000000080010a8                CMU_ClockDivGet
 .text.flashWaitStateControl
                0x000000000800112c       0x58 vscode-build/obj/gecko_sdk_4.3.1/platform/emlib/src/em_cmu.o
 .text.CMU_ClockEnable
                0x0000000008001184       0x58 vscode-build/obj/gecko_sdk_4.3.1/platform/emlib/src/em_cmu.o
                0x0000000008001184                CMU_ClockEnable
 .text.CMU_ClockFreqGet
                0x00000000080011dc      0x270 vscode-build/obj/gecko_sdk_4.3.1/platform/emlib/src/em_cmu.o
                0x00000000080011dc                CMU_ClockFreqGet
 .text.rhclkPrescOptimize
                0x000000000800144c       0x20 vscode-build/obj/gecko_sdk_4.3.1/platform/emlib/src/em_cmu.o
 .text.CMU_ClockSelectGet
                0x000000000800146c      0x268 vscode-build/obj/gecko_sdk_4.3.1/platform/emlib/src/em_cmu.o
                0x000000000800146c                CMU_ClockSelectGet
 .text.sli_em_cmu_HFXOSetForceEnable
                0x00000000080016d4       0x1c vscode-build/obj/gecko_sdk_4.3.1/platform/emlib/src/em_cmu.o
                0x00000000080016d4                sli_em_cmu_HFXOSetForceEnable
 .text.CMU_HFXOInit
                0x00000000080016f0      0x23c vscode-build/obj/gecko_sdk_4.3.1/platform/emlib/src/em_cmu.o
                0x00000000080016f0                CMU_HFXOInit
 .text.CMU_HFXOCTuneDeltaGet
                0x000000000800192c        0xc vscode-build/obj/gecko_sdk_4.3.1/platform/emlib/src/em_cmu.o
                0x000000000800192c                CMU_HFXOCTuneDeltaGet
 .text.CMU_LFXOInit
                0x0000000008001938       0xc4 vscode-build/obj/gecko_sdk_4.3.1/platform/emlib/src/em_cmu.o
                0x0000000008001938                CMU_LFXOInit
 .text.CMU_LFXOPrecisionSet
                0x00000000080019fc        0xc vscode-build/obj/gecko_sdk_4.3.1/platform/emlib/src/em_cmu.o
                0x00000000080019fc                CMU_LFXOPrecisionSet
 .text.CMU_HFXOPrecisionSet
                0x0000000008001a08        0xc vscode-build/obj/gecko_sdk_4.3.1/platform/emlib/src/em_cmu.o
                0x0000000008001a08                CMU_HFXOPrecisionSet
 .text.CMU_ClockDivSet
                0x0000000008001a14      0x104 vscode-build/obj/gecko_sdk_4.3.1/platform/emlib/src/em_cmu.o
                0x0000000008001a14                CMU_ClockDivSet
 .text.sli_em_cmu_SYSCLKInitPreClockSelect
                0x0000000008001b18       0x20 vscode-build/obj/gecko_sdk_4.3.1/platform/emlib/src/em_cmu.o
                0x0000000008001b18                sli_em_cmu_SYSCLKInitPreClockSelect
 .text.pclkDivOptimize
                0x0000000008001b38       0x24 vscode-build/obj/gecko_sdk_4.3.1/platform/emlib/src/em_cmu.o
 .text.CORE_NvicIRQDisabled
                0x0000000008001b5c       0x34 vscode-build/obj/gecko_sdk_4.3.1/platform/emlib/src/em_core.o
                0x0000000008001b5c                CORE_NvicIRQDisabled
 .text.EMU_DCDCSync
                0x0000000008001b90       0x10 vscode-build/obj/gecko_sdk_4.3.1/platform/emlib/src/em_emu.o
 .text.EMU_EM4Init
                0x0000000008001ba0       0x14 vscode-build/obj/gecko_sdk_4.3.1/platform/emlib/src/em_emu.o
                0x0000000008001ba0                EMU_EM4Init
 .text.EMU_VScaleEM01
                0x0000000008001bb4       0xb0 vscode-build/obj/gecko_sdk_4.3.1/platform/emlib/src/em_emu.o
                0x0000000008001bb4                EMU_VScaleEM01
 .text.EMU_VScaleEM01ByClock
                0x0000000008001c64       0x30 vscode-build/obj/gecko_sdk_4.3.1/platform/emlib/src/em_emu.o
                0x0000000008001c64                EMU_VScaleEM01ByClock
 .text.EMU_DCDCModeSet
                0x0000000008001c94       0xac vscode-build/obj/gecko_sdk_4.3.1/platform/emlib/src/em_emu.o
                0x0000000008001c94                EMU_DCDCModeSet
 .text.EMU_DCDCInit
                0x0000000008001d40       0x70 vscode-build/obj/gecko_sdk_4.3.1/platform/emlib/src/em_emu.o
                0x0000000008001d40                EMU_DCDCInit
 .text.EMU_DCDCSetPFMXModePeakCurrent
                0x0000000008001db0       0x70 vscode-build/obj/gecko_sdk_4.3.1/platform/emlib/src/em_emu.o
                0x0000000008001db0                EMU_DCDCSetPFMXModePeakCurrent
 .text.BUS_RegBitWrite
                0x0000000008001e20       0x30 vscode-build/obj/gecko_sdk_4.3.1/platform/emlib/src/em_gpio.o
 .text.GPIO_PinOutSet
                0x0000000008001e50       0x50 vscode-build/obj/gecko_sdk_4.3.1/platform/emlib/src/em_gpio.o
 .text.GPIO_PinOutClear
                0x0000000008001ea0       0x50 vscode-build/obj/gecko_sdk_4.3.1/platform/emlib/src/em_gpio.o
 .text.GPIO_ExtIntConfig
                0x0000000008001ef0       0xf8 vscode-build/obj/gecko_sdk_4.3.1/platform/emlib/src/em_gpio.o
                0x0000000008001ef0                GPIO_ExtIntConfig
 .text.GPIO_PinModeSet
                0x0000000008001fe8       0xa8 vscode-build/obj/gecko_sdk_4.3.1/platform/emlib/src/em_gpio.o
                0x0000000008001fe8                GPIO_PinModeSet
 .text.PRS_ConvertToSyncSource
                0x0000000008002090       0x54 vscode-build/obj/gecko_sdk_4.3.1/platform/emlib/src/em_prs.o
                0x0000000008002090                PRS_ConvertToSyncSource
 .text.PRS_ConvertToSyncSignal
                0x00000000080020e4       0x54 vscode-build/obj/gecko_sdk_4.3.1/platform/emlib/src/em_prs.o
                0x00000000080020e4                PRS_ConvertToSyncSignal
 .text.PRS_ConnectSignal
                0x0000000008002138       0x64 vscode-build/obj/gecko_sdk_4.3.1/platform/emlib/src/em_prs.o
                0x0000000008002138                PRS_ConnectSignal
 .text.PRS_ConnectConsumer
                0x000000000800219c       0x38 vscode-build/obj/gecko_sdk_4.3.1/platform/emlib/src/em_prs.o
                0x000000000800219c                PRS_ConnectConsumer
 .text.USART_BaudrateSyncSet
                0x00000000080021d4       0x48 vscode-build/obj/gecko_sdk_4.3.1/platform/emlib/src/em_usart.o
                0x00000000080021d4                USART_BaudrateSyncSet
 .text.USART_Reset
                0x000000000800221c       0x58 vscode-build/obj/gecko_sdk_4.3.1/platform/emlib/src/em_usart.o
                0x000000000800221c                USART_Reset
 .text.USART_InitSync
                0x0000000008002274       0xc0 vscode-build/obj/gecko_sdk_4.3.1/platform/emlib/src/em_usart.o
                0x0000000008002274                USART_InitSync
 .text.setLineDirty
                0x0000000008002334       0x20 vscode-build/obj/gecko_sdk_4.3.1/platform/middleware/glib/dmd/display/dmd_memlcd.o
 .text.DMD_getDisplayGeometry
                0x0000000008002354       0x1c vscode-build/obj/gecko_sdk_4.3.1/platform/middleware/glib/dmd/display/dmd_memlcd.o
                0x0000000008002354                DMD_getDisplayGeometry
 .text.DMD_setClippingArea
                0x0000000008002370       0x40 vscode-build/obj/gecko_sdk_4.3.1/platform/middleware/glib/dmd/display/dmd_memlcd.o
                0x0000000008002370                DMD_setClippingArea
 .text.DMD_writeColor
                0x00000000080023b0      0x124 vscode-build/obj/gecko_sdk_4.3.1/platform/middleware/glib/dmd/display/dmd_memlcd.o
                0x00000000080023b0                DMD_writeColor
 .text.DMD_init
                0x00000000080024d4       0x54 vscode-build/obj/gecko_sdk_4.3.1/platform/middleware/glib/dmd/display/dmd_memlcd.o
                0x00000000080024d4                DMD_init
 .text.DMD_updateDisplay
                0x0000000008002528       0x80 vscode-build/obj/gecko_sdk_4.3.1/platform/middleware/glib/dmd/display/dmd_memlcd.o
                0x0000000008002528                DMD_updateDisplay
 .text.GLIB_contextInit
                0x00000000080025a8       0x54 vscode-build/obj/gecko_sdk_4.3.1/platform/middleware/glib/glib/glib.o
                0x00000000080025a8                GLIB_contextInit
 .text.sl_sysrtc_wait_ready
                0x00000000080025fc       0x1c vscode-build/obj/gecko_sdk_4.3.1/platform/peripheral/src/peripheral_sysrtc.o
 .text.sl_sysrtc_enable
                0x0000000008002618       0x18 vscode-build/obj/gecko_sdk_4.3.1/platform/peripheral/src/peripheral_sysrtc.o
                0x0000000008002618                sl_sysrtc_enable
 .text.sl_sysrtc_disable
                0x0000000008002630       0x28 vscode-build/obj/gecko_sdk_4.3.1/platform/peripheral/src/peripheral_sysrtc.o
                0x0000000008002630                sl_sysrtc_disable
 .text.sl_sysrtc_init
                0x0000000008002658       0x20 vscode-build/obj/gecko_sdk_4.3.1/platform/peripheral/src/peripheral_sysrtc.o
                0x0000000008002658                sl_sysrtc_init
 .text.sl_sysrtc_init_group
                0x0000000008002678       0x50 vscode-build/obj/gecko_sdk_4.3.1/platform/peripheral/src/peripheral_sysrtc.o
                0x0000000008002678                sl_sysrtc_init_group
 .text.sl_sysrtc_enable_group_interrupts
                0x00000000080026c8       0x1c vscode-build/obj/gecko_sdk_4.3.1/platform/peripheral/src/peripheral_sysrtc.o
                0x00000000080026c8                sl_sysrtc_enable_group_interrupts
 .text.sl_sysrtc_disable_group_interrupts
                0x00000000080026e4       0x1c vscode-build/obj/gecko_sdk_4.3.1/platform/peripheral/src/peripheral_sysrtc.o
                0x00000000080026e4                sl_sysrtc_disable_group_interrupts
 .text.sl_sysrtc_clear_group_interrupts
                0x0000000008002700       0x1c vscode-build/obj/gecko_sdk_4.3.1/platform/peripheral/src/peripheral_sysrtc.o
                0x0000000008002700                sl_sysrtc_clear_group_interrupts
 .text.sl_sysrtc_get_group_interrupts
                0x000000000800271c       0x20 vscode-build/obj/gecko_sdk_4.3.1/platform/peripheral/src/peripheral_sysrtc.o
                0x000000000800271c                sl_sysrtc_get_group_interrupts
 .text.sl_sysrtc_get_group_compare_channel_value
                0x000000000800273c       0x30 vscode-build/obj/gecko_sdk_4.3.1/platform/peripheral/src/peripheral_sysrtc.o
                0x000000000800273c                sl_sysrtc_get_group_compare_channel_value
 .text.sl_sysrtc_set_group_compare_channel_value
                0x000000000800276c       0x2c vscode-build/obj/gecko_sdk_4.3.1/platform/peripheral/src/peripheral_sysrtc.o
                0x000000000800276c                sl_sysrtc_set_group_compare_channel_value
 .text.sl_device_init_dcdc
                0x0000000008002798       0x2c vscode-build/obj/gecko_sdk_4.3.1/platform/service/device_init/src/sl_device_init_dcdc_s2.o
                0x0000000008002798                sl_device_init_dcdc
 .text.sl_device_init_emu
                0x00000000080027c4       0x24 vscode-build/obj/gecko_sdk_4.3.1/platform/service/device_init/src/sl_device_init_emu_s2.o
                0x00000000080027c4                sl_device_init_emu
 .text.sl_device_init_hfxo
                0x00000000080027e8       0x74 vscode-build/obj/gecko_sdk_4.3.1/platform/service/device_init/src/sl_device_init_hfxo_s2.o
                0x00000000080027e8                sl_device_init_hfxo
 .text.sl_device_init_lfxo
                0x000000000800285c       0x28 vscode-build/obj/gecko_sdk_4.3.1/platform/service/device_init/src/sl_device_init_lfxo_s2.o
                0x000000000800285c                sl_device_init_lfxo
 .text.sl_device_init_nvic
                0x0000000008002884       0x3c vscode-build/obj/gecko_sdk_4.3.1/platform/service/device_init/src/sl_device_init_nvic.o
                0x0000000008002884                sl_device_init_nvic
 .text.delta_list_insert_timer
                0x00000000080028c0       0x44 vscode-build/obj/gecko_sdk_4.3.1/platform/service/sleeptimer/src/sl_sleeptimer.o
 .text.update_delta_list
                0x0000000008002904       0x38 vscode-build/obj/gecko_sdk_4.3.1/platform/service/sleeptimer/src/sl_sleeptimer.o
 .text.set_comparator_for_next_timer
                0x000000000800293c       0x5c vscode-build/obj/gecko_sdk_4.3.1/platform/service/sleeptimer/src/sl_sleeptimer.o
 .text.create_timer
                0x0000000008002998       0x8c vscode-build/obj/gecko_sdk_4.3.1/platform/service/sleeptimer/src/sl_sleeptimer.o
 .text.delta_list_remove_timer
                0x0000000008002a24       0x38 vscode-build/obj/gecko_sdk_4.3.1/platform/service/sleeptimer/src/sl_sleeptimer.o
 .text.sl_sleeptimer_init
                0x0000000008002a5c       0x74 vscode-build/obj/gecko_sdk_4.3.1/platform/service/sleeptimer/src/sl_sleeptimer.o
                0x0000000008002a5c                sl_sleeptimer_init
 .text.sl_sleeptimer_stop_timer
                0x0000000008002ad0       0x50 vscode-build/obj/gecko_sdk_4.3.1/platform/service/sleeptimer/src/sl_sleeptimer.o
                0x0000000008002ad0                sl_sleeptimer_stop_timer
 .text.sl_sleeptimer_get_timer_frequency
                0x0000000008002b20        0xc vscode-build/obj/gecko_sdk_4.3.1/platform/service/sleeptimer/src/sl_sleeptimer.o
                0x0000000008002b20                sl_sleeptimer_get_timer_frequency
 .text.process_timer_irq
                0x0000000008002b2c      0x158 vscode-build/obj/gecko_sdk_4.3.1/platform/service/sleeptimer/src/sl_sleeptimer.o
                0x0000000008002b2c                process_timer_irq
 .text.sl_sysrtc_wait_sync
                0x0000000008002c84       0x14 vscode-build/obj/gecko_sdk_4.3.1/platform/service/sleeptimer/src/sl_sleeptimer_hal_sysrtc.o
 .text.sleeptimer_hal_init_timer
                0x0000000008002c98       0x90 vscode-build/obj/gecko_sdk_4.3.1/platform/service/sleeptimer/src/sl_sleeptimer_hal_sysrtc.o
                0x0000000008002c98                sleeptimer_hal_init_timer
 .text.sleeptimer_hal_get_counter
                0x0000000008002d28       0x10 vscode-build/obj/gecko_sdk_4.3.1/platform/service/sleeptimer/src/sl_sleeptimer_hal_sysrtc.o
                0x0000000008002d28                sleeptimer_hal_get_counter
 .text.sleeptimer_hal_set_compare_prs_hfxo_startup
                0x0000000008002d38       0x50 vscode-build/obj/gecko_sdk_4.3.1/platform/service/sleeptimer/src/sl_sleeptimer_hal_sysrtc.o
                0x0000000008002d38                sleeptimer_hal_set_compare_prs_hfxo_startup
 .text.sleeptimer_hal_set_compare
                0x0000000008002d88       0x70 vscode-build/obj/gecko_sdk_4.3.1/platform/service/sleeptimer/src/sl_sleeptimer_hal_sysrtc.o
                0x0000000008002d88                sleeptimer_hal_set_compare
 .text.sleeptimer_hal_disable_int
                0x0000000008002df8       0x2c vscode-build/obj/gecko_sdk_4.3.1/platform/service/sleeptimer/src/sl_sleeptimer_hal_sysrtc.o
                0x0000000008002df8                sleeptimer_hal_disable_int
 .text.sleeptimer_hal_set_int
                0x0000000008002e24       0x10 vscode-build/obj/gecko_sdk_4.3.1/platform/service/sleeptimer/src/sl_sleeptimer_hal_sysrtc.o
                0x0000000008002e24                sleeptimer_hal_set_int
 .text.sl_udelay_wait
                0x0000000008002e34       0x58 vscode-build/obj/gecko_sdk_4.3.1/platform/service/udelay/src/sl_udelay.o
                0x0000000008002e34                sl_udelay_wait
 .text.memlcd_app_init
                0x0000000008002e8c       0xe0 vscode-build/obj/memlcd_app.o
                0x0000000008002e8c                memlcd_app_init
 .text.sl_button_on_change
                0x0000000008002f6c       0xe4 vscode-build/obj/memlcd_app.o
                0x0000000008002f6c                sl_button_on_change
 .text          0x0000000008003050       0x30 /Applications/Simplicity Studio.app/Contents/Eclipse/developer/toolchains/gnu_arm/10.3_2021.10/bin/../lib/gcc/arm-none-eabi/10.3.1/thumb/v8-m.main+fp/hard/libgcc.a(_aeabi_uldivmod.o)
                0x0000000008003050                __aeabi_uldivmod
 .text          0x0000000008003080      0x2ec /Applications/Simplicity Studio.app/Contents/Eclipse/developer/toolchains/gnu_arm/10.3_2021.10/bin/../lib/gcc/arm-none-eabi/10.3.1/thumb/v8-m.main+fp/hard/libgcc.a(_udivmoddi4.o)
                0x0000000008003080                __udivmoddi4
 .text          0x000000000800336c        0x4 /Applications/Simplicity Studio.app/Contents/Eclipse/developer/toolchains/gnu_arm/10.3_2021.10/bin/../lib/gcc/arm-none-eabi/10.3.1/thumb/v8-m.main+fp/hard/libgcc.a(_dvmd_tls.o)
                0x000000000800336c                __aeabi_ldiv0
                0x000000000800336c                __aeabi_idiv0
 .text.exit     0x0000000008003370       0x28 /Applications/Simplicity Studio.app/Contents/Eclipse/developer/toolchains/gnu_arm/10.3_2021.10/bin/../lib/gcc/arm-none-eabi/10.3.1/../../../../arm-none-eabi/lib/thumb/v8-m.main+fp/hard/libc_nano.a(lib_a-exit.o)
                0x0000000008003370                exit
 .text.__libc_init_array
                0x0000000008003398       0x48 /Applications/Simplicity Studio.app/Contents/Eclipse/developer/toolchains/gnu_arm/10.3_2021.10/bin/../lib/gcc/arm-none-eabi/10.3.1/../../../../arm-none-eabi/lib/thumb/v8-m.main+fp/hard/libc_nano.a(lib_a-init.o)
                0x0000000008003398                __libc_init_array
 .text._exit    0x00000000080033e0        0x4 /Applications/Simplicity Studio.app/Contents/Eclipse/developer/toolchains/gnu_arm/10.3_2021.10/bin/../lib/gcc/arm-none-eabi/10.3.1/../../../../arm-none-eabi/lib/thumb/v8-m.main+fp/hard/libnosys.a(_exit.o)
                0x00000000080033e0                _exit
 .text.app_init
                0x00000000080033e4        0x4 vscode-build/obj/app.o
                0x00000000080033e4                app_init
 .text.app_process_action
                0x00000000080033e8        0x4 vscode-build/obj/app.o
                0x00000000080033e8                app_process_action
 .text.sl_board_default_init
                0x00000000080033ec        0x4 vscode-build/obj/autogen/sl_board_default_init.o
                0x00000000080033ec                sl_board_default_init
 .text.sl_driver_init
                0x00000000080033f0       0x16 vscode-build/obj/autogen/sl_event_handler.o
                0x00000000080033f0                sl_driver_init
 .text.sl_service_init
                0x0000000008003406        0xe vscode-build/obj/autogen/sl_event_handler.o
                0x0000000008003406                sl_service_init
 .text.sl_stack_init
                0x0000000008003414        0x2 vscode-build/obj/autogen/sl_event_handler.o
                0x0000000008003414                sl_stack_init
 .text.sl_internal_app_init
                0x0000000008003416        0x2 vscode-build/obj/autogen/sl_event_handler.o
                0x0000000008003416                sl_internal_app_init
 .text.sl_platform_process_action
                0x0000000008003418        0x2 vscode-build/obj/autogen/sl_event_handler.o
                0x0000000008003418                sl_platform_process_action
 .text.sl_service_process_action
                0x000000000800341a        0x2 vscode-build/obj/autogen/sl_event_handler.o
                0x000000000800341a                sl_service_process_action
 .text.sl_stack_process_action
                0x000000000800341c        0x2 vscode-build/obj/autogen/sl_event_handler.o
                0x000000000800341c                sl_stack_process_action
 .text.sl_internal_app_process_action
                0x000000000800341e        0x2 vscode-build/obj/autogen/sl_event_handler.o
                0x000000000800341e                sl_internal_app_process_action
 .text.sl_board_configure_vcom
                0x0000000008003420        0x4 vscode-build/obj/gecko_sdk_4.3.1/hardware/board/src/sl_board_control_gpio.o
                0x0000000008003420                sl_board_configure_vcom
 .text.sl_board_disable_vcom
                0x0000000008003424       0x12 vscode-build/obj/gecko_sdk_4.3.1/hardware/board/src/sl_board_control_gpio.o
                0x0000000008003424                sl_board_disable_vcom
 .text.sl_board_enable_display
                0x0000000008003436       0x12 vscode-build/obj/gecko_sdk_4.3.1/hardware/board/src/sl_board_control_gpio.o
                0x0000000008003436                sl_board_enable_display
 .text.sl_board_init
                0x0000000008003448       0x16 vscode-build/obj/gecko_sdk_4.3.1/hardware/board/src/sl_board_init.o
                0x0000000008003448                sl_board_init
 .text.sl_board_preinit
                0x000000000800345e        0x8 vscode-build/obj/gecko_sdk_4.3.1/hardware/board/src/sl_board_init.o
                0x000000000800345e                sl_board_preinit
 .text.sl_cos_send_config
                0x0000000008003466       0x12 vscode-build/obj/gecko_sdk_4.3.1/hardware/driver/configuration_over_swo/src/sl_cos.o
                0x0000000008003466                sl_cos_send_config
 .text.sli_memlcd_spi_tx
                0x0000000008003478       0x22 vscode-build/obj/gecko_sdk_4.3.1/hardware/driver/memlcd/src/memlcd_usart/sl_memlcd_spi.o
                0x0000000008003478                sli_memlcd_spi_tx
 .text.sli_memlcd_spi_wait
                0x000000000800349a        0xa vscode-build/obj/gecko_sdk_4.3.1/hardware/driver/memlcd/src/memlcd_usart/sl_memlcd_spi.o
                0x000000000800349a                sli_memlcd_spi_wait
 .text.sli_memlcd_spi_rx_flush
                0x00000000080034a4       0x14 vscode-build/obj/gecko_sdk_4.3.1/hardware/driver/memlcd/src/memlcd_usart/sl_memlcd_spi.o
                0x00000000080034a4                sli_memlcd_spi_rx_flush
 .text.Default_Handler
                0x00000000080034b8        0x2 vscode-build/obj/gecko_sdk_4.3.1/platform/Device/SiliconLabs/EFR32ZG23/Source/startup_efr32zg23.o
                0x00000000080034b8                MPAHBRAM_IRQHandler
                0x00000000080034b8                SW2_IRQHandler
                0x00000000080034b8                TIMER2_IRQHandler
                0x00000000080034b8                DebugMon_Handler
                0x00000000080034b8                USART0_TX_IRQHandler
                0x00000000080034b8                IADC_IRQHandler
                0x00000000080034b8                EUSART0_TX_IRQHandler
                0x00000000080034b8                I2C0_IRQHandler
                0x00000000080034b8                LFXO_IRQHandler
                0x00000000080034b8                VDAC_IRQHandler
                0x00000000080034b8                HardFault_Handler
                0x00000000080034b8                SMU_SECURE_IRQHandler
                0x00000000080034b8                SysTick_Handler
                0x00000000080034b8                SYSRTC_SEQ_IRQHandler
                0x00000000080034b8                EMUEFP_IRQHandler
                0x00000000080034b8                EUSART2_TX_IRQHandler
                0x00000000080034b8                PendSV_Handler
                0x00000000080034b8                NMI_Handler
                0x00000000080034b8                SYNTH_IRQHandler
                0x00000000080034b8                HOSTMAILBOX_IRQHandler
                0x00000000080034b8                HFXO0_IRQHandler
                0x00000000080034b8                I2C1_IRQHandler
                0x00000000080034b8                WDOG0_IRQHandler
                0x00000000080034b8                TIMER3_IRQHandler
                0x00000000080034b8                SYSCFG_IRQHandler
                0x00000000080034b8                RFECA1_IRQHandler
                0x00000000080034b8                EMUDG_IRQHandler
                0x00000000080034b8                MSC_IRQHandler
                0x00000000080034b8                DPLL0_IRQHandler
                0x00000000080034b8                UsageFault_Handler
                0x00000000080034b8                WDOG1_IRQHandler
                0x00000000080034b8                M33CTI1_IRQHandler
                0x00000000080034b8                TIMER4_IRQHandler
                0x00000000080034b8                LDMA_IRQHandler
                0x00000000080034b8                SEMBTX_IRQHandler
                0x00000000080034b8                SW0_IRQHandler
                0x00000000080034b8                TIMER0_IRQHandler
                0x00000000080034b8                LCD_IRQHandler
                0x00000000080034b8                LETIMER0_IRQHandler
                0x00000000080034b8                EUSART1_RX_IRQHandler
                0x00000000080034b8                TIMER1_IRQHandler
                0x00000000080034b8                HFRCO0_IRQHandler
                0x00000000080034b8                SecureFault_Handler
                0x00000000080034b8                BUFC_IRQHandler
                0x00000000080034b8                DCDC_IRQHandler
                0x00000000080034b8                MODEM_IRQHandler
                0x00000000080034b8                Default_Handler
                0x00000000080034b8                RAC_SEQ_IRQHandler
                0x00000000080034b8                FRC_PRI_IRQHandler
                0x00000000080034b8                EMU_IRQHandler
                0x00000000080034b8                SW3_IRQHandler
                0x00000000080034b8                KERNEL0_IRQHandler
                0x00000000080034b8                FRC_IRQHandler
                0x00000000080034b8                PCNT0_IRQHandler
                0x00000000080034b8                KERNEL1_IRQHandler
                0x00000000080034b8                AGC_IRQHandler
                0x00000000080034b8                EUSART1_TX_IRQHandler
                0x00000000080034b8                KEYSCAN_IRQHandler
                0x00000000080034b8                sl_app_properties
                0x00000000080034b8                HFRCOEM23_IRQHandler
                0x00000000080034b8                BURTC_IRQHandler
                0x00000000080034b8                SEMBRX_IRQHandler
                0x00000000080034b8                RFECA0_IRQHandler
                0x00000000080034b8                LFRCO_IRQHandler
                0x00000000080034b8                ACMP0_IRQHandler
                0x00000000080034b8                USART0_RX_IRQHandler
                0x00000000080034b8                MemManage_Handler
                0x00000000080034b8                SVC_Handler
                0x00000000080034b8                EUSART2_RX_IRQHandler
                0x00000000080034b8                SMU_S_PRIVILEGED_IRQHandler
                0x00000000080034b8                SW1_IRQHandler
                0x00000000080034b8                CMU_IRQHandler
                0x00000000080034b8                EUSART0_RX_IRQHandler
                0x00000000080034b8                RAC_RSM_IRQHandler
                0x00000000080034b8                SETAMPERHOST_IRQHandler
                0x00000000080034b8                LESENSE_IRQHandler
                0x00000000080034b8                AES_IRQHandler
                0x00000000080034b8                M33CTI0_IRQHandler
                0x00000000080034b8                ICACHE0_IRQHandler
                0x00000000080034b8                SMU_NS_PRIVILEGED_IRQHandler
                0x00000000080034b8                FPUEXH_IRQHandler
                0x00000000080034b8                PROTIMER_IRQHandler
                0x00000000080034b8                ACMP1_IRQHandler
                0x00000000080034b8                BusFault_Handler
                0x00000000080034b8                ULFRCO_IRQHandler
 .text.SystemCLKIN0Get
                0x00000000080034ba        0x4 vscode-build/obj/gecko_sdk_4.3.1/platform/Device/SiliconLabs/EFR32ZG23/Source/system_efr32zg23.o
                0x00000000080034ba                SystemCLKIN0Get
 .text.SystemLFRCOClockGet
                0x00000000080034be        0x6 vscode-build/obj/gecko_sdk_4.3.1/platform/Device/SiliconLabs/EFR32ZG23/Source/system_efr32zg23.o
                0x00000000080034be                SystemLFRCOClockGet
 .text.SystemULFRCOClockGet
                0x00000000080034c4        0x6 vscode-build/obj/gecko_sdk_4.3.1/platform/Device/SiliconLabs/EFR32ZG23/Source/system_efr32zg23.o
                0x00000000080034c4                SystemULFRCOClockGet
 .text.assertEFM
                0x00000000080034ca        0x2 vscode-build/obj/gecko_sdk_4.3.1/platform/common/src/sl_assert.o
                0x00000000080034ca                assertEFM
 .text.sl_button_init
                0x00000000080034cc        0xa vscode-build/obj/gecko_sdk_4.3.1/platform/driver/button/src/sl_button.o
                0x00000000080034cc                sl_button_init
 .text.sl_button_get_state
                0x00000000080034d6        0xa vscode-build/obj/gecko_sdk_4.3.1/platform/driver/button/src/sl_button.o
                0x00000000080034d6                sl_button_get_state
 .text.sli_simple_button_on_change
                0x00000000080034e0       0x28 vscode-build/obj/gecko_sdk_4.3.1/platform/driver/button/src/sl_simple_button.o
 .text.sl_simple_button_get_state
                0x0000000008003508        0x6 vscode-build/obj/gecko_sdk_4.3.1/platform/driver/button/src/sl_simple_button.o
                0x0000000008003508                sl_simple_button_get_state
 .text.sl_simple_button_poll_step
                0x000000000800350e       0x52 vscode-build/obj/gecko_sdk_4.3.1/platform/driver/button/src/sl_simple_button.o
                0x000000000800350e                sl_simple_button_poll_step
 .text.sl_simple_button_enable
                0x0000000008003560       0x12 vscode-build/obj/gecko_sdk_4.3.1/platform/driver/button/src/sl_simple_button.o
                0x0000000008003560                sl_simple_button_enable
 .text.sl_simple_button_disable
                0x0000000008003572       0x30 vscode-build/obj/gecko_sdk_4.3.1/platform/driver/button/src/sl_simple_button.o
                0x0000000008003572                sl_simple_button_disable
 .text.sl_debug_swo_enable_itm
                0x00000000080035a2       0x18 vscode-build/obj/gecko_sdk_4.3.1/platform/driver/debug/src/sl_debug_swo.o
                0x00000000080035a2                sl_debug_swo_enable_itm
 .text.sl_debug_swo_disable_itm
                0x00000000080035ba       0x1a vscode-build/obj/gecko_sdk_4.3.1/platform/driver/debug/src/sl_debug_swo.o
                0x00000000080035ba                sl_debug_swo_disable_itm
 .text.BUS_RegMaskedWrite
                0x00000000080035d4       0x22 vscode-build/obj/gecko_sdk_4.3.1/platform/emlib/src/em_cmu.o
 .text.waitStateMax
                0x00000000080035f6       0x10 vscode-build/obj/gecko_sdk_4.3.1/platform/emlib/src/em_cmu.o
 .text.CMU_UpdateWaitStates
                0x0000000008003606        0xc vscode-build/obj/gecko_sdk_4.3.1/platform/emlib/src/em_cmu.o
                0x0000000008003606                CMU_UpdateWaitStates
 .text.pclkDivMax
                0x0000000008003612        0xa vscode-build/obj/gecko_sdk_4.3.1/platform/emlib/src/em_cmu.o
 .text.sli_em_cmu_SYSCLKInitPostClockSelect
                0x000000000800361c       0x2a vscode-build/obj/gecko_sdk_4.3.1/platform/emlib/src/em_cmu.o
                0x000000000800361c                sli_em_cmu_SYSCLKInitPostClockSelect
 .text.CORE_EnterCritical
                0x0000000008003646        0x8 vscode-build/obj/gecko_sdk_4.3.1/platform/emlib/src/em_core.o
                0x0000000008003646                CORE_EnterCritical
 .text.CORE_ExitCritical
                0x000000000800364e        0x6 vscode-build/obj/gecko_sdk_4.3.1/platform/emlib/src/em_core.o
                0x000000000800364e                CORE_ExitCritical
 .text.CORE_EnterAtomic
                0x0000000008003654        0xc vscode-build/obj/gecko_sdk_4.3.1/platform/emlib/src/em_core.o
                0x0000000008003654                CORE_EnterAtomic
 .text.CORE_ExitAtomic
                0x0000000008003660        0x6 vscode-build/obj/gecko_sdk_4.3.1/platform/emlib/src/em_core.o
                0x0000000008003660                CORE_ExitAtomic
 .text.EMU_EFPEM01VScale
                0x0000000008003666        0x2 vscode-build/obj/gecko_sdk_4.3.1/platform/emlib/src/em_emu.o
                0x0000000008003666                EMU_EFPEM01VScale
 .text.EMU_DCDCUpdatedHook
                0x0000000008003668        0x2 vscode-build/obj/gecko_sdk_4.3.1/platform/emlib/src/em_emu.o
                0x0000000008003668                EMU_DCDCUpdatedHook
 .text.BUS_RegMaskedWrite
                0x000000000800366a       0x22 vscode-build/obj/gecko_sdk_4.3.1/platform/emlib/src/em_gpio.o
 .text.GPIO_DbgLocationSet
                0x000000000800368c        0x2 vscode-build/obj/gecko_sdk_4.3.1/platform/emlib/src/em_gpio.o
                0x000000000800368c                GPIO_DbgLocationSet
 .text.USART_Rx
                0x000000000800368e        0xc vscode-build/obj/gecko_sdk_4.3.1/platform/emlib/src/em_usart.o
                0x000000000800368e                USART_Rx
 .text.USART_SpiTransfer
                0x000000000800369a       0x14 vscode-build/obj/gecko_sdk_4.3.1/platform/emlib/src/em_usart.o
                0x000000000800369a                USART_SpiTransfer
 .text.USART_Tx
                0x00000000080036ae        0xa vscode-build/obj/gecko_sdk_4.3.1/platform/emlib/src/em_usart.o
                0x00000000080036ae                USART_Tx
 .text.GLIB_resetDisplayClippingArea
                0x00000000080036b8       0x14 vscode-build/obj/gecko_sdk_4.3.1/platform/middleware/glib/glib/glib.o
                0x00000000080036b8                GLIB_resetDisplayClippingArea
 .text.GLIB_clear
                0x00000000080036cc       0x36 vscode-build/obj/gecko_sdk_4.3.1/platform/middleware/glib/glib/glib.o
                0x00000000080036cc                GLIB_clear
 .text.GLIB_applyClippingRegion
                0x0000000008003702       0x2a vscode-build/obj/gecko_sdk_4.3.1/platform/middleware/glib/glib/glib.o
                0x0000000008003702                GLIB_applyClippingRegion
 .text.GLIB_setClippingRegion
                0x000000000800372c       0x48 vscode-build/obj/gecko_sdk_4.3.1/platform/middleware/glib/glib/glib.o
                0x000000000800372c                GLIB_setClippingRegion
 .text.GLIB_colorTranslate24bpp
                0x0000000008003774        0xe vscode-build/obj/gecko_sdk_4.3.1/platform/middleware/glib/glib/glib.o
                0x0000000008003774                GLIB_colorTranslate24bpp
 .text.GLIB_drawPixel
                0x0000000008003782       0x38 vscode-build/obj/gecko_sdk_4.3.1/platform/middleware/glib/glib/glib.o
                0x0000000008003782                GLIB_drawPixel
 .text.GLIB_drawPixelColor
                0x00000000080037ba       0x36 vscode-build/obj/gecko_sdk_4.3.1/platform/middleware/glib/glib/glib.o
                0x00000000080037ba                GLIB_drawPixelColor
 .text.GLIB_drawLineH
                0x00000000080037f0       0x96 vscode-build/obj/gecko_sdk_4.3.1/platform/middleware/glib/glib/glib_line.o
                0x00000000080037f0                GLIB_drawLineH
 .text.GLIB_rectContainsPoint
                0x0000000008003886       0x24 vscode-build/obj/gecko_sdk_4.3.1/platform/middleware/glib/glib/glib_rectangle.o
                0x0000000008003886                GLIB_rectContainsPoint
 .text.GLIB_drawChar
                0x00000000080038aa      0x120 vscode-build/obj/gecko_sdk_4.3.1/platform/middleware/glib/glib/glib_string.o
                0x00000000080038aa                GLIB_drawChar
 .text.GLIB_drawString
                0x00000000080039ca       0x78 vscode-build/obj/gecko_sdk_4.3.1/platform/middleware/glib/glib/glib_string.o
                0x00000000080039ca                GLIB_drawString
 .text.GLIB_setFont
                0x0000000008003a42       0x26 vscode-build/obj/gecko_sdk_4.3.1/platform/middleware/glib/glib/glib_string.o
                0x0000000008003a42                GLIB_setFont
 .text.GLIB_drawStringOnLine
                0x0000000008003a68       0x62 vscode-build/obj/gecko_sdk_4.3.1/platform/middleware/glib/glib/glib_string.o
                0x0000000008003a68                GLIB_drawStringOnLine
 .text.sl_sleeptimer_restart_periodic_timer
                0x0000000008003aca       0x38 vscode-build/obj/gecko_sdk_4.3.1/platform/service/sleeptimer/src/sl_sleeptimer.o
                0x0000000008003aca                sl_sleeptimer_restart_periodic_timer
 .text.sleeptimer_hal_get_compare
                0x0000000008003b02        0x8 vscode-build/obj/gecko_sdk_4.3.1/platform/service/sleeptimer/src/sl_sleeptimer_hal_sysrtc.o
                0x0000000008003b02                sleeptimer_hal_get_compare
 .text.sleeptimer_hal_enable_int
                0x0000000008003b0a       0x12 vscode-build/obj/gecko_sdk_4.3.1/platform/service/sleeptimer/src/sl_sleeptimer_hal_sysrtc.o
                0x0000000008003b0a                sleeptimer_hal_enable_int
 .text.SYSRTC_APP_IRQHandler
                0x0000000008003b1c       0x34 vscode-build/obj/gecko_sdk_4.3.1/platform/service/sleeptimer/src/sl_sleeptimer_hal_sysrtc.o
                0x0000000008003b1c                SYSRTC_APP_IRQHandler
 .text.sleeptimer_hal_get_timer_frequency
                0x0000000008003b50        0x6 vscode-build/obj/gecko_sdk_4.3.1/platform/service/sleeptimer/src/sl_sleeptimer_hal_sysrtc.o
                0x0000000008003b50                sleeptimer_hal_get_timer_frequency
 .text.sl_system_init
                0x0000000008003b56       0x1a vscode-build/obj/gecko_sdk_4.3.1/platform/service/system/src/sl_system_init.o
                0x0000000008003b56                sl_system_init
 .text.sl_system_process_action
                0x0000000008003b70       0x16 vscode-build/obj/gecko_sdk_4.3.1/platform/service/system/src/sl_system_process_action.o
                0x0000000008003b70                sl_system_process_action
 .text.startup.main
                0x0000000008003b86       0x14 vscode-build/obj/main.o
                0x0000000008003b86                main
 .text.memlcd_app_process_action
                0x0000000008003b9a        0x2 vscode-build/obj/memlcd_app.o
                0x0000000008003b9a                memlcd_app_process_action
 .text.memset   0x0000000008003b9c       0x10 /Applications/Simplicity Studio.app/Contents/Eclipse/developer/toolchains/gnu_arm/10.3_2021.10/bin/../lib/gcc/arm-none-eabi/10.3.1/../../../../arm-none-eabi/lib/thumb/v8-m.main+fp/hard/libc_nano.a(lib_a-memset.o)
                0x0000000008003b9c                memset
 .text          0x0000000008003bac       0x10 /Applications/Simplicity Studio.app/Contents/Eclipse/developer/toolchains/gnu_arm/10.3_2021.10/bin/../lib/gcc/arm-none-eabi/10.3.1/../../../../arm-none-eabi/lib/thumb/v8-m.main+fp/hard/libc_nano.a(lib_a-strlen.o)
                0x0000000008003bac                strlen
                0x0000000008003bbc                linker_code_end = .
 *(.init)
 .init          0x0000000008003bbc        0x4 /Applications/Simplicity Studio.app/Contents/Eclipse/developer/toolchains/gnu_arm/10.3_2021.10/bin/../lib/gcc/arm-none-eabi/10.3.1/thumb/v8-m.main+fp/hard/crti.o
                0x0000000008003bbc                _init
 .init          0x0000000008003bc0        0x8 /Applications/Simplicity Studio.app/Contents/Eclipse/developer/toolchains/gnu_arm/10.3_2021.10/bin/../lib/gcc/arm-none-eabi/10.3.1/thumb/v8-m.main+fp/hard/crtn.o
 *(.fini)
 .fini          0x0000000008003bc8        0x4 /Applications/Simplicity Studio.app/Contents/Eclipse/developer/toolchains/gnu_arm/10.3_2021.10/bin/../lib/gcc/arm-none-eabi/10.3.1/thumb/v8-m.main+fp/hard/crti.o
                0x0000000008003bc8                _fini
 .fini          0x0000000008003bcc        0x8 /Applications/Simplicity Studio.app/Contents/Eclipse/developer/toolchains/gnu_arm/10.3_2021.10/bin/../lib/gcc/arm-none-eabi/10.3.1/thumb/v8-m.main+fp/hard/crtn.o
 *crtbegin.o(.ctors)
 *crtbegin?.o(.ctors)
 *(EXCLUDE_FILE(*crtend.o *crtend?.o) .ctors)
 *(SORT_BY_NAME(.ctors.*))
 *(.ctors)
 *crtbegin.o(.dtors)
 *crtbegin?.o(.dtors)
 *(EXCLUDE_FILE(*crtend.o *crtend?.o) .dtors)
 *(SORT_BY_NAME(.dtors.*))
 *(.dtors)
 *(.rodata*)
 .rodata.sl_button_btn0
                0x0000000008003bd4       0x18 vscode-build/obj/autogen/sl_simple_button_instances.o
                0x0000000008003bd4                sl_button_btn0
 .rodata.sl_button_btn1
                0x0000000008003bec       0x18 vscode-build/obj/autogen/sl_simple_button_instances.o
                0x0000000008003bec                sl_button_btn1
 .rodata        0x0000000008003c04       0x1c vscode-build/obj/gecko_sdk_4.3.1/hardware/driver/memlcd/src/memlcd_usart/sl_memlcd_spi.o
 .rodata        0x0000000008003c20       0x14 vscode-build/obj/gecko_sdk_4.3.1/hardware/driver/memlcd/src/sl_memlcd_display.o
 .rodata        0x0000000008003c34       0x1c vscode-build/obj/gecko_sdk_4.3.1/hardware/driver/mx25_flash_shutdown/src/sl_mx25_flash_shutdown_usart/sl_mx25_flash_shutdown.o
 .rodata.GPIO_PinInGet.str1.1
                0x0000000008003c50       0x2d vscode-build/obj/gecko_sdk_4.3.1/platform/driver/button/src/sl_simple_button.o
 .rodata.sl_simple_button_init.str1.1
                0x0000000008003c7d       0x3e vscode-build/obj/gecko_sdk_4.3.1/platform/driver/button/src/sl_simple_button.o
 .rodata.HFRCODPLLDevinfoGet.str1.1
                0x0000000008003cbb       0x2c vscode-build/obj/gecko_sdk_4.3.1/platform/emlib/src/em_cmu.o
 .rodata.CORE_NvicMaskSetIRQ.str1.1
                0x0000000008003ce7       0x2d vscode-build/obj/gecko_sdk_4.3.1/platform/emlib/src/em_core.o
 .rodata.EMU_VScaleEM01.str1.1
                0x0000000008003d14       0x2c vscode-build/obj/gecko_sdk_4.3.1/platform/emlib/src/em_emu.o
 .rodata.BUS_RegBitWrite.str1.1
                0x0000000008003d40       0x2c vscode-build/obj/gecko_sdk_4.3.1/platform/emlib/src/em_gpio.o
 .rodata.GPIO_PinOutSet.str1.1
                0x0000000008003d6c       0x2d vscode-build/obj/gecko_sdk_4.3.1/platform/emlib/src/em_gpio.o
 .rodata.GPIO_ExtIntConfig.str1.1
                0x0000000008003d6c       0x2d vscode-build/obj/gecko_sdk_4.3.1/platform/emlib/src/em_gpio.o
 .rodata.PRS_ConvertToSyncSource.str1.1
                0x0000000008003d99       0x2c vscode-build/obj/gecko_sdk_4.3.1/platform/emlib/src/em_prs.o
 .rodata.USART_BaudrateAsyncSet.str1.1
                0x0000000008003dc5       0x2e vscode-build/obj/gecko_sdk_4.3.1/platform/emlib/src/em_usart.o
 *fill*         0x0000000008003df3        0x1 
 .rodata.GLIB_FontNarrow6x8
                0x0000000008003df4       0x10 vscode-build/obj/gecko_sdk_4.3.1/platform/middleware/glib/fonts/glib_font_narrow_6x8.o
                0x0000000008003df4                GLIB_FontNarrow6x8
 .rodata.GLIB_FontNarrow6x8PixMap
                0x0000000008003e04      0x320 vscode-build/obj/gecko_sdk_4.3.1/platform/middleware/glib/fonts/glib_font_narrow_6x8.o
 .rodata.GLIB_FontNormal8x8
                0x0000000008004124       0x10 vscode-build/obj/gecko_sdk_4.3.1/platform/middleware/glib/fonts/glib_font_normal_8x8.o
                0x0000000008004124                GLIB_FontNormal8x8
 .rodata.GLIB_FontNormal8x8PixMap
                0x0000000008004134      0x320 vscode-build/obj/gecko_sdk_4.3.1/platform/middleware/glib/fonts/glib_font_normal_8x8.o
 .rodata.sl_sysrtc_init_group.str1.1
                0x0000000008004454       0x3c vscode-build/obj/gecko_sdk_4.3.1/platform/peripheral/src/peripheral_sysrtc.o
 .rodata        0x0000000008004490        0x7 vscode-build/obj/gecko_sdk_4.3.1/platform/service/device_init/src/sl_device_init_dcdc_s2.o
 *fill*         0x0000000008004497        0x1 
 .rodata        0x0000000008004498       0x28 vscode-build/obj/gecko_sdk_4.3.1/platform/service/device_init/src/sl_device_init_hfxo_s2.o
 .rodata        0x00000000080044c0       0x14 vscode-build/obj/gecko_sdk_4.3.1/platform/service/device_init/src/sl_device_init_lfxo_s2.o
 .rodata.process_timer_irq.str1.1
                0x00000000080044d4       0x40 vscode-build/obj/gecko_sdk_4.3.1/platform/service/sleeptimer/src/sl_sleeptimer.o
 .rodata.sl_udelay_wait.str1.1
                0x0000000008004514       0x38 vscode-build/obj/gecko_sdk_4.3.1/platform/service/udelay/src/sl_udelay.o
 .rodata.memlcd_app_init.str1.1
                0x000000000800454c       0x49 vscode-build/obj/memlcd_app.o
 .rodata.sl_button_on_change.str1.1
                0x0000000008004595        0xd vscode-build/obj/memlcd_app.o
 *fill*         0x00000000080045a2        0x2 
 .rodata._global_impure_ptr
                0x00000000080045a4        0x4 /Applications/Simplicity Studio.app/Contents/Eclipse/developer/toolchains/gnu_arm/10.3_2021.10/bin/../lib/gcc/arm-none-eabi/10.3.1/../../../../arm-none-eabi/lib/thumb/v8-m.main+fp/hard/libc_nano.a(lib_a-impure.o)
                0x00000000080045a4                _global_impure_ptr
 *(.eh_frame*)
 .eh_frame      0x00000000080045a8        0x0 /Applications/Simplicity Studio.app/Contents/Eclipse/developer/toolchains/gnu_arm/10.3_2021.10/bin/../lib/gcc/arm-none-eabi/10.3.1/thumb/v8-m.main+fp/hard/crtbegin.o

.glue_7         0x00000000080045a8        0x0
 .glue_7        0x00000000080045a8        0x0 linker stubs

.glue_7t        0x00000000080045a8        0x0
 .glue_7t       0x00000000080045a8        0x0 linker stubs

.vfp11_veneer   0x00000000080045a8        0x0
 .vfp11_veneer  0x00000000080045a8        0x0 linker stubs

.v4_bx          0x00000000080045a8        0x0
 .v4_bx         0x00000000080045a8        0x0 linker stubs

.iplt           0x00000000080045a8        0x0
 .iplt          0x00000000080045a8        0x0 /Applications/Simplicity Studio.app/Contents/Eclipse/developer/toolchains/gnu_arm/10.3_2021.10/bin/../lib/gcc/arm-none-eabi/10.3.1/thumb/v8-m.main+fp/hard/crtbegin.o

.ARM.extab
 *(.ARM.extab* .gnu.linkonce.armextab.*)
                0x00000000080045a8                __exidx_start = .

.ARM.exidx      0x00000000080045a8        0x8
 *(.ARM.exidx* .gnu.linkonce.armexidx.*)
 .ARM.exidx     0x00000000080045a8        0x8 /Applications/Simplicity Studio.app/Contents/Eclipse/developer/toolchains/gnu_arm/10.3_2021.10/bin/../lib/gcc/arm-none-eabi/10.3.1/../../../../arm-none-eabi/lib/thumb/v8-m.main+fp/hard/crt0.o
                                         0x10 (size before relaxing)
 .ARM.exidx     0x00000000080045b0        0x0 /Applications/Simplicity Studio.app/Contents/Eclipse/developer/toolchains/gnu_arm/10.3_2021.10/bin/../lib/gcc/arm-none-eabi/10.3.1/thumb/v8-m.main+fp/hard/libgcc.a(_udivmoddi4.o)
                                          0x8 (size before relaxing)
                0x00000000080045b0                __exidx_end = .

.rel.dyn        0x00000000080045b0        0x0
 .rel.iplt      0x00000000080045b0        0x0 /Applications/Simplicity Studio.app/Contents/Eclipse/developer/toolchains/gnu_arm/10.3_2021.10/bin/../lib/gcc/arm-none-eabi/10.3.1/thumb/v8-m.main+fp/hard/crtbegin.o

.copy.table     0x00000000080045b0        0xc
                0x00000000080045b0                . = ALIGN (0x4)
                0x00000000080045b0                __copy_table_start__ = .
                0x00000000080045b0        0x4 LONG 0x80045bc __etext
                0x00000000080045b4        0x4 LONG 0x20001000 __data_start__
                0x00000000080045b8        0x4 LONG 0x28 ((__data_end__ - __data_start__) / 0x4)
                0x00000000080045bc                __copy_table_end__ = .

.zero.table     0x00000000080045bc        0x0
                0x00000000080045bc                . = ALIGN (0x4)
                0x00000000080045bc                __zero_table_start__ = .
                0x00000000080045bc                __zero_table_end__ = .
                0x00000000080045bc                __etext = .
                0x0000000020000000                . = ORIGIN (RAM)

.stack          0x0000000020000000     0x1000
                0x0000000020000000                __StackLimit = .
 *(.stack*)
 .stack         0x0000000020000000     0x1000 vscode-build/obj/gecko_sdk_4.3.1/platform/common/toolchain/src/sl_memory.o
                0x0000000020001000                . = ALIGN (0x4)
                0x0000000020001000                __StackTop = .
                0x0000000020001000                PROVIDE (__stack = __StackTop)

.noinit
 *(.noinit*)

.data           0x0000000020001000       0xa0 load address 0x00000000080045bc
                0x0000000020001000                . = ALIGN (0x4)
                0x0000000020001000                __data_start__ = .
 *(vtable)
 *(SORT_BY_ALIGNMENT(.data*))
 .data.spi_handle
                0x0000000020001000       0x10 vscode-build/obj/gecko_sdk_4.3.1/hardware/driver/memlcd/src/sl_memlcd.o
 .data.SystemCoreClock
                0x0000000020001010        0x4 vscode-build/obj/gecko_sdk_4.3.1/platform/Device/SiliconLabs/EFR32ZG23/Source/system_efr32zg23.o
                0x0000000020001010                SystemCoreClock
 .data.SystemHFRCODPLLClock
                0x0000000020001014        0x4 vscode-build/obj/gecko_sdk_4.3.1/platform/Device/SiliconLabs/EFR32ZG23/Source/system_efr32zg23.o
 .data.SystemHFXOClock
                0x0000000020001018        0x4 vscode-build/obj/gecko_sdk_4.3.1/platform/Device/SiliconLabs/EFR32ZG23/Source/system_efr32zg23.o
 .data.SystemLFXOClock
                0x000000002000101c        0x4 vscode-build/obj/gecko_sdk_4.3.1/platform/Device/SiliconLabs/EFR32ZG23/Source/system_efr32zg23.o
 .data.impure_data
                0x0000000020001020       0x60 /Applications/Simplicity Studio.app/Contents/Eclipse/developer/toolchains/gnu_arm/10.3_2021.10/bin/../lib/gcc/arm-none-eabi/10.3.1/../../../../arm-none-eabi/lib/thumb/v8-m.main+fp/hard/libc_nano.a(lib_a-impure.o)
 .data.simple_btn0_context
                0x0000000020001080        0x8 vscode-build/obj/autogen/sl_simple_button_instances.o
                0x0000000020001080                simple_btn0_context
 .data.simple_btn1_context
                0x0000000020001088        0x8 vscode-build/obj/autogen/sl_simple_button_instances.o
                0x0000000020001088                simple_btn1_context
 .data.hfxo_precision
                0x0000000020001090        0x2 vscode-build/obj/gecko_sdk_4.3.1/platform/emlib/src/em_cmu.o
 .data.lfxo_precision
                0x0000000020001092        0x2 vscode-build/obj/gecko_sdk_4.3.1/platform/emlib/src/em_cmu.o
 .data.ctuneDelta
                0x0000000020001094        0x1 vscode-build/obj/gecko_sdk_4.3.1/platform/emlib/src/em_cmu.o
 .data.cc1_disabled
                0x0000000020001095        0x1 vscode-build/obj/gecko_sdk_4.3.1/platform/service/sleeptimer/src/sl_sleeptimer_hal_sysrtc.o
 .data.cc_disabled
                0x0000000020001096        0x1 vscode-build/obj/gecko_sdk_4.3.1/platform/service/sleeptimer/src/sl_sleeptimer_hal_sysrtc.o
                0x0000000020001098                . = ALIGN (0x4)
 *fill*         0x0000000020001097        0x1 
                [!provide]                        PROVIDE (__ram_func_section_start = .)
 *(.ram)
                [!provide]                        PROVIDE (__ram_func_section_end = .)
                0x0000000020001098                . = ALIGN (0x4)
                0x0000000020001098                PROVIDE (__preinit_array_start = .)
 *(.preinit_array)
                0x0000000020001098                PROVIDE (__preinit_array_end = .)
                0x0000000020001098                . = ALIGN (0x4)
                0x0000000020001098                PROVIDE (__init_array_start = .)
 *(SORT_BY_NAME(.init_array.*))
 *(.init_array)
 .init_array    0x0000000020001098        0x4 /Applications/Simplicity Studio.app/Contents/Eclipse/developer/toolchains/gnu_arm/10.3_2021.10/bin/../lib/gcc/arm-none-eabi/10.3.1/thumb/v8-m.main+fp/hard/crtbegin.o
                0x000000002000109c                PROVIDE (__init_array_end = .)
                0x000000002000109c                . = ALIGN (0x4)
                [!provide]                        PROVIDE (__fini_array_start = .)
 *(SORT_BY_NAME(.fini_array.*))
 *(.fini_array)
 .fini_array    0x000000002000109c        0x4 /Applications/Simplicity Studio.app/Contents/Eclipse/developer/toolchains/gnu_arm/10.3_2021.10/bin/../lib/gcc/arm-none-eabi/10.3.1/thumb/v8-m.main+fp/hard/crtbegin.o
                [!provide]                        PROVIDE (__fini_array_end = .)
                0x00000000200010a0                . = ALIGN (0x4)
                0x00000000200010a0                __data_end__ = .

.igot.plt       0x00000000200010a0        0x0 load address 0x000000000800465c
 .igot.plt      0x00000000200010a0        0x0 /Applications/Simplicity Studio.app/Contents/Eclipse/developer/toolchains/gnu_arm/10.3_2021.10/bin/../lib/gcc/arm-none-eabi/10.3.1/thumb/v8-m.main+fp/hard/crtbegin.o

.bss            0x00000000200010a0      0xac0 load address 0x000000000800465c
                0x00000000200010a0                . = ALIGN (0x4)
                0x00000000200010a0                __bss_start__ = .
 *(SORT_BY_ALIGNMENT(.bss*))
 .bss           0x00000000200010a0       0x1c /Applications/Simplicity Studio.app/Contents/Eclipse/developer/toolchains/gnu_arm/10.3_2021.10/bin/../lib/gcc/arm-none-eabi/10.3.1/thumb/v8-m.main+fp/hard/crtbegin.o
 .bss.extcomin_timer
                0x00000000200010bc       0x20 vscode-build/obj/gecko_sdk_4.3.1/hardware/driver/memlcd/src/sl_memlcd.o
 .bss.memlcd_instance
                0x00000000200010dc       0x14 vscode-build/obj/gecko_sdk_4.3.1/hardware/driver/memlcd/src/sl_memlcd.o
 .bss.gpioCallbacks
                0x00000000200010f0      0x200 vscode-build/obj/gecko_sdk_4.3.1/platform/emdrv/gpiointerrupt/src/gpiointerrupt.o
 .bss.dirtyRows
                0x00000000200012f0       0x10 vscode-build/obj/gecko_sdk_4.3.1/platform/middleware/glib/dmd/display/dmd_memlcd.o
 .bss.memlcd    0x0000000020001300        0x4 vscode-build/obj/gecko_sdk_4.3.1/platform/middleware/glib/dmd/display/dmd_memlcd.o
 .bss.last_delta_update_count
                0x0000000020001304        0x4 vscode-build/obj/gecko_sdk_4.3.1/platform/service/sleeptimer/src/sl_sleeptimer.o
 .bss.max_millisecond_conversion
                0x0000000020001308        0x4 vscode-build/obj/gecko_sdk_4.3.1/platform/service/sleeptimer/src/sl_sleeptimer.o
 .bss.timer_frequency
                0x000000002000130c        0x4 vscode-build/obj/gecko_sdk_4.3.1/platform/service/sleeptimer/src/sl_sleeptimer.o
 .bss.timer_head
                0x0000000020001310        0x4 vscode-build/obj/gecko_sdk_4.3.1/platform/service/sleeptimer/src/sl_sleeptimer.o
 .bss.currentHLine
                0x0000000020001314        0x4 vscode-build/obj/memlcd_app.o
 .bss.glibContext
                0x0000000020001318       0x2c vscode-build/obj/memlcd_app.o
 .bss.horizontalLineCounter
                0x0000000020001344        0x4 vscode-build/obj/memlcd_app.o
 .bss.stringCounter
                0x0000000020001348        0x4 vscode-build/obj/memlcd_app.o
 .bss.dimensions
                0x000000002000134c        0xc vscode-build/obj/gecko_sdk_4.3.1/platform/middleware/glib/dmd/display/dmd_memlcd.o
 .bss.overflow_counter
                0x0000000020001358        0x2 vscode-build/obj/gecko_sdk_4.3.1/platform/service/sleeptimer/src/sl_sleeptimer.o
 .bss.initialized
                0x000000002000135a        0x1 vscode-build/obj/gecko_sdk_4.3.1/hardware/driver/memlcd/src/sl_memlcd.o
 .bss.vScaleEM01Config
                0x000000002000135b        0x1 vscode-build/obj/gecko_sdk_4.3.1/platform/emlib/src/em_emu.o
 .bss.framebuffer
                0x000000002000135c      0x800 vscode-build/obj/gecko_sdk_4.3.1/platform/middleware/glib/dmd/display/dmd_memlcd.o
 .bss.is_sleeptimer_initialized
                0x0000000020001b5c        0x1 vscode-build/obj/gecko_sdk_4.3.1/platform/service/sleeptimer/src/sl_sleeptimer.o
 .bss.next_timer_to_expire_is_power_manager
                0x0000000020001b5d        0x1 vscode-build/obj/gecko_sdk_4.3.1/platform/service/sleeptimer/src/sl_sleeptimer.o
 .bss.sleep_on_isr_exit
                0x0000000020001b5e        0x1 vscode-build/obj/gecko_sdk_4.3.1/platform/service/sleeptimer/src/sl_sleeptimer.o
 .bss.lastLineStatus
                0x0000000020001b5f        0x1 vscode-build/obj/memlcd_app.o
                0x0000000020001b5f                lastLineStatus
 *(COMMON)
                0x0000000020001b60                . = ALIGN (0x4)
                0x0000000020001b60                __bss_end__ = .

.heap           0x0000000020001b60      0x800
                0x0000000020001b60                __HeapBase = .
                0x0000000020001b60                __end__ = .
                0x0000000020001b60                end = __end__
                0x0000000020001b60                _end = __end__
 *(.heap*)
 .heap          0x0000000020001b60      0x800 vscode-build/obj/gecko_sdk_4.3.1/platform/common/toolchain/src/sl_memory.o
                0x0000000020010000                __HeapLimit = (ORIGIN (RAM) + LENGTH (RAM))
                0x000000000000e4a0                __heap_size = (__HeapLimit - __HeapBase)
                0x0000000020010000                __ram_end__ = 0x20010000
                0x000000000807e000                __main_flash_end__ = 0x807e000

.internal_storage
                0x00000000080045bc        0x0
 *(.internal_storage*)

.nvm            0x00000000080045bc        0x0
 *(.simee*)
                0x000000000807e000                linker_nvm_end = __main_flash_end__
                0x000000000807e000                linker_nvm_begin = (linker_nvm_end - SIZEOF (.nvm))
                0x0000000000000000                linker_nvm_size = SIZEOF (.nvm)
                0x000000000807e000                linker_storage_end = linker_nvm_begin
                0x000000000807e000                __nvm3Base = linker_nvm_begin
                0x000000000807e000                linker_storage_begin = (linker_storage_end - SIZEOF (.internal_storage))
                0x0000000000000000                linker_storage_size = SIZEOF (.internal_storage)
                0x0000000000000001                ASSERT ((linker_storage_begin >= (__etext + SIZEOF (.data))), FLASH memory overflowed !)
                0x000000000807e000                app_flash_end = 0x807e000
                0x0000000000000001                ASSERT (((linker_nvm_begin + SIZEOF (.nvm)) <= app_flash_end), NVM3 is excessing the flash size !)
OUTPUT(vscode-build/memlcd_baremetal.out elf32-littlearm)
LOAD linker stubs

.ARM.attributes
                0x0000000000000000       0x36
 .ARM.attributes
                0x0000000000000000       0x22 /Applications/Simplicity Studio.app/Contents/Eclipse/developer/toolchains/gnu_arm/10.3_2021.10/bin/../lib/gcc/arm-none-eabi/10.3.1/thumb/v8-m.main+fp/hard/crti.o
 .ARM.attributes
                0x0000000000000022       0x38 /Applications/Simplicity Studio.app/Contents/Eclipse/developer/toolchains/gnu_arm/10.3_2021.10/bin/../lib/gcc/arm-none-eabi/10.3.1/thumb/v8-m.main+fp/hard/crtbegin.o
 .ARM.attributes
                0x000000000000005a       0x20 /Applications/Simplicity Studio.app/Contents/Eclipse/developer/toolchains/gnu_arm/10.3_2021.10/bin/../lib/gcc/arm-none-eabi/10.3.1/../../../../arm-none-eabi/lib/thumb/v8-m.main+fp/hard/crt0.o
 .ARM.attributes
                0x000000000000007a       0x26 vscode-build/obj/gecko_sdk_4.3.1/platform/service/udelay/src/sl_udelay_armv6m_gcc.o
 .ARM.attributes
                0x00000000000000a0       0x3a vscode-build/obj/app.o
 .ARM.attributes
                0x00000000000000da       0x3a vscode-build/obj/autogen/sl_board_default_init.o
 .ARM.attributes
                0x0000000000000114       0x3a vscode-build/obj/autogen/sl_device_init_clocks.o
 .ARM.attributes
                0x000000000000014e       0x3a vscode-build/obj/autogen/sl_event_handler.o
 .ARM.attributes
                0x0000000000000188       0x3a vscode-build/obj/autogen/sl_simple_button_instances.o
 .ARM.attributes
                0x00000000000001c2       0x3a vscode-build/obj/gecko_sdk_4.3.1/hardware/board/src/sl_board_control_gpio.o
 .ARM.attributes
                0x00000000000001fc       0x3a vscode-build/obj/gecko_sdk_4.3.1/hardware/board/src/sl_board_init.o
 .ARM.attributes
                0x0000000000000236       0x3a vscode-build/obj/gecko_sdk_4.3.1/hardware/driver/configuration_over_swo/src/sl_cos.o
 .ARM.attributes
                0x0000000000000270       0x3a vscode-build/obj/gecko_sdk_4.3.1/hardware/driver/memlcd/src/memlcd_usart/sl_memlcd_spi.o
 .ARM.attributes
                0x00000000000002aa       0x3a vscode-build/obj/gecko_sdk_4.3.1/hardware/driver/memlcd/src/sl_memlcd.o
 .ARM.attributes
                0x00000000000002e4       0x3a vscode-build/obj/gecko_sdk_4.3.1/hardware/driver/memlcd/src/sl_memlcd_display.o
 .ARM.attributes
                0x000000000000031e       0x3a vscode-build/obj/gecko_sdk_4.3.1/hardware/driver/mx25_flash_shutdown/src/sl_mx25_flash_shutdown_usart/sl_mx25_flash_shutdown.o
 .ARM.attributes
                0x0000000000000358       0x3a vscode-build/obj/gecko_sdk_4.3.1/platform/Device/SiliconLabs/EFR32ZG23/Source/startup_efr32zg23.o
 .ARM.attributes
                0x0000000000000392       0x3a vscode-build/obj/gecko_sdk_4.3.1/platform/Device/SiliconLabs/EFR32ZG23/Source/system_efr32zg23.o
 .ARM.attributes
                0x00000000000003cc       0x3a vscode-build/obj/gecko_sdk_4.3.1/platform/common/src/sl_assert.o
 .ARM.attributes
                0x0000000000000406       0x3a vscode-build/obj/gecko_sdk_4.3.1/platform/common/toolchain/src/sl_memory.o
 .ARM.attributes
                0x0000000000000440       0x3a vscode-build/obj/gecko_sdk_4.3.1/platform/driver/button/src/sl_button.o
 .ARM.attributes
                0x000000000000047a       0x3a vscode-build/obj/gecko_sdk_4.3.1/platform/driver/button/src/sl_simple_button.o
 .ARM.attributes
                0x00000000000004b4       0x3a vscode-build/obj/gecko_sdk_4.3.1/platform/driver/debug/src/sl_debug_swo.o
 .ARM.attributes
                0x00000000000004ee       0x3a vscode-build/obj/gecko_sdk_4.3.1/platform/emdrv/gpiointerrupt/src/gpiointerrupt.o
 .ARM.attributes
                0x0000000000000528       0x3a vscode-build/obj/gecko_sdk_4.3.1/platform/emlib/src/em_cmu.o
 .ARM.attributes
                0x0000000000000562       0x3a vscode-build/obj/gecko_sdk_4.3.1/platform/emlib/src/em_core.o
 .ARM.attributes
                0x000000000000059c       0x3a vscode-build/obj/gecko_sdk_4.3.1/platform/emlib/src/em_emu.o
 .ARM.attributes
                0x00000000000005d6       0x3a vscode-build/obj/gecko_sdk_4.3.1/platform/emlib/src/em_gpio.o
 .ARM.attributes
                0x0000000000000610       0x3a vscode-build/obj/gecko_sdk_4.3.1/platform/emlib/src/em_prs.o
 .ARM.attributes
                0x000000000000064a       0x3a vscode-build/obj/gecko_sdk_4.3.1/platform/emlib/src/em_usart.o
 .ARM.attributes
                0x0000000000000684       0x3a vscode-build/obj/gecko_sdk_4.3.1/platform/middleware/glib/dmd/display/dmd_memlcd.o
 .ARM.attributes
                0x00000000000006be       0x3a vscode-build/obj/gecko_sdk_4.3.1/platform/middleware/glib/fonts/glib_font_narrow_6x8.o
 .ARM.attributes
                0x00000000000006f8       0x3a vscode-build/obj/gecko_sdk_4.3.1/platform/middleware/glib/fonts/glib_font_normal_8x8.o
 .ARM.attributes
                0x0000000000000732       0x3a vscode-build/obj/gecko_sdk_4.3.1/platform/middleware/glib/glib/glib.o
 .ARM.attributes
                0x000000000000076c       0x3a vscode-build/obj/gecko_sdk_4.3.1/platform/middleware/glib/glib/glib_line.o
 .ARM.attributes
                0x00000000000007a6       0x3a vscode-build/obj/gecko_sdk_4.3.1/platform/middleware/glib/glib/glib_rectangle.o
 .ARM.attributes
                0x00000000000007e0       0x3a vscode-build/obj/gecko_sdk_4.3.1/platform/middleware/glib/glib/glib_string.o
 .ARM.attributes
                0x000000000000081a       0x3a vscode-build/obj/gecko_sdk_4.3.1/platform/peripheral/src/peripheral_sysrtc.o
 .ARM.attributes
                0x0000000000000854       0x3a vscode-build/obj/gecko_sdk_4.3.1/platform/service/device_init/src/sl_device_init_dcdc_s2.o
 .ARM.attributes
                0x000000000000088e       0x3a vscode-build/obj/gecko_sdk_4.3.1/platform/service/device_init/src/sl_device_init_emu_s2.o
 .ARM.attributes
                0x00000000000008c8       0x3a vscode-build/obj/gecko_sdk_4.3.1/platform/service/device_init/src/sl_device_init_hfxo_s2.o
 .ARM.attributes
                0x0000000000000902       0x3a vscode-build/obj/gecko_sdk_4.3.1/platform/service/device_init/src/sl_device_init_lfxo_s2.o
 .ARM.attributes
                0x000000000000093c       0x3a vscode-build/obj/gecko_sdk_4.3.1/platform/service/device_init/src/sl_device_init_nvic.o
 .ARM.attributes
                0x0000000000000976       0x3a vscode-build/obj/gecko_sdk_4.3.1/platform/service/sleeptimer/src/sl_sleeptimer.o
 .ARM.attributes
                0x00000000000009b0       0x3a vscode-build/obj/gecko_sdk_4.3.1/platform/service/sleeptimer/src/sl_sleeptimer_hal_sysrtc.o
 .ARM.attributes
                0x00000000000009ea       0x3a vscode-build/obj/gecko_sdk_4.3.1/platform/service/system/src/sl_system_init.o
 .ARM.attributes
                0x0000000000000a24       0x3a vscode-build/obj/gecko_sdk_4.3.1/platform/service/system/src/sl_system_process_action.o
 .ARM.attributes
                0x0000000000000a5e       0x3a vscode-build/obj/gecko_sdk_4.3.1/platform/service/udelay/src/sl_udelay.o
 .ARM.attributes
                0x0000000000000a98       0x3a vscode-build/obj/main.o
 .ARM.attributes
                0x0000000000000ad2       0x3a vscode-build/obj/memlcd_app.o
 .ARM.attributes
                0x0000000000000b0c       0x22 /Applications/Simplicity Studio.app/Contents/Eclipse/developer/toolchains/gnu_arm/10.3_2021.10/bin/../lib/gcc/arm-none-eabi/10.3.1/thumb/v8-m.main+fp/hard/libgcc.a(_aeabi_uldivmod.o)
 .ARM.attributes
                0x0000000000000b2e       0x38 /Applications/Simplicity Studio.app/Contents/Eclipse/developer/toolchains/gnu_arm/10.3_2021.10/bin/../lib/gcc/arm-none-eabi/10.3.1/thumb/v8-m.main+fp/hard/libgcc.a(_udivmoddi4.o)
 .ARM.attributes
                0x0000000000000b66       0x22 /Applications/Simplicity Studio.app/Contents/Eclipse/developer/toolchains/gnu_arm/10.3_2021.10/bin/../lib/gcc/arm-none-eabi/10.3.1/thumb/v8-m.main+fp/hard/libgcc.a(_dvmd_tls.o)
 .ARM.attributes
                0x0000000000000b88       0x38 /Applications/Simplicity Studio.app/Contents/Eclipse/developer/toolchains/gnu_arm/10.3_2021.10/bin/../lib/gcc/arm-none-eabi/10.3.1/../../../../arm-none-eabi/lib/thumb/v8-m.main+fp/hard/libc_nano.a(lib_a-exit.o)
 .ARM.attributes
                0x0000000000000bc0       0x38 /Applications/Simplicity Studio.app/Contents/Eclipse/developer/toolchains/gnu_arm/10.3_2021.10/bin/../lib/gcc/arm-none-eabi/10.3.1/../../../../arm-none-eabi/lib/thumb/v8-m.main+fp/hard/libc_nano.a(lib_a-impure.o)
 .ARM.attributes
                0x0000000000000bf8       0x38 /Applications/Simplicity Studio.app/Contents/Eclipse/developer/toolchains/gnu_arm/10.3_2021.10/bin/../lib/gcc/arm-none-eabi/10.3.1/../../../../arm-none-eabi/lib/thumb/v8-m.main+fp/hard/libc_nano.a(lib_a-init.o)
 .ARM.attributes
                0x0000000000000c30       0x38 /Applications/Simplicity Studio.app/Contents/Eclipse/developer/toolchains/gnu_arm/10.3_2021.10/bin/../lib/gcc/arm-none-eabi/10.3.1/../../../../arm-none-eabi/lib/thumb/v8-m.main+fp/hard/libc_nano.a(lib_a-memset.o)
 .ARM.attributes
                0x0000000000000c68       0x17 /Applications/Simplicity Studio.app/Contents/Eclipse/developer/toolchains/gnu_arm/10.3_2021.10/bin/../lib/gcc/arm-none-eabi/10.3.1/../../../../arm-none-eabi/lib/thumb/v8-m.main+fp/hard/libc_nano.a(lib_a-strlen.o)
 .ARM.attributes
                0x0000000000000c7f       0x38 /Applications/Simplicity Studio.app/Contents/Eclipse/developer/toolchains/gnu_arm/10.3_2021.10/bin/../lib/gcc/arm-none-eabi/10.3.1/../../../../arm-none-eabi/lib/thumb/v8-m.main+fp/hard/libnosys.a(_exit.o)
 .ARM.attributes
                0x0000000000000cb7       0x22 /Applications/Simplicity Studio.app/Contents/Eclipse/developer/toolchains/gnu_arm/10.3_2021.10/bin/../lib/gcc/arm-none-eabi/10.3.1/thumb/v8-m.main+fp/hard/crtn.o

.comment        0x0000000000000000       0x49
 .comment       0x0000000000000000       0x49 vscode-build/obj/app.o
                                         0x4a (size before relaxing)
 .comment       0x0000000000000049       0x4a vscode-build/obj/autogen/sl_board_default_init.o
 .comment       0x0000000000000049       0x4a vscode-build/obj/autogen/sl_device_init_clocks.o
 .comment       0x0000000000000049       0x4a vscode-build/obj/autogen/sl_event_handler.o
 .comment       0x0000000000000049       0x4a vscode-build/obj/autogen/sl_simple_button_instances.o
 .comment       0x0000000000000049       0x4a vscode-build/obj/gecko_sdk_4.3.1/hardware/board/src/sl_board_control_gpio.o
 .comment       0x0000000000000049       0x4a vscode-build/obj/gecko_sdk_4.3.1/hardware/board/src/sl_board_init.o
 .comment       0x0000000000000049       0x4a vscode-build/obj/gecko_sdk_4.3.1/hardware/driver/configuration_over_swo/src/sl_cos.o
 .comment       0x0000000000000049       0x4a vscode-build/obj/gecko_sdk_4.3.1/hardware/driver/memlcd/src/memlcd_usart/sl_memlcd_spi.o
 .comment       0x0000000000000049       0x4a vscode-build/obj/gecko_sdk_4.3.1/hardware/driver/memlcd/src/sl_memlcd.o
 .comment       0x0000000000000049       0x4a vscode-build/obj/gecko_sdk_4.3.1/hardware/driver/memlcd/src/sl_memlcd_display.o
 .comment       0x0000000000000049       0x4a vscode-build/obj/gecko_sdk_4.3.1/hardware/driver/mx25_flash_shutdown/src/sl_mx25_flash_shutdown_usart/sl_mx25_flash_shutdown.o
 .comment       0x0000000000000049       0x4a vscode-build/obj/gecko_sdk_4.3.1/platform/Device/SiliconLabs/EFR32ZG23/Source/startup_efr32zg23.o
 .comment       0x0000000000000049       0x4a vscode-build/obj/gecko_sdk_4.3.1/platform/Device/SiliconLabs/EFR32ZG23/Source/system_efr32zg23.o
 .comment       0x0000000000000049       0x4a vscode-build/obj/gecko_sdk_4.3.1/platform/common/src/sl_assert.o
 .comment       0x0000000000000049       0x4a vscode-build/obj/gecko_sdk_4.3.1/platform/common/toolchain/src/sl_memory.o
 .comment       0x0000000000000049       0x4a vscode-build/obj/gecko_sdk_4.3.1/platform/driver/button/src/sl_button.o
 .comment       0x0000000000000049       0x4a vscode-build/obj/gecko_sdk_4.3.1/platform/driver/button/src/sl_simple_button.o
 .comment       0x0000000000000049       0x4a vscode-build/obj/gecko_sdk_4.3.1/platform/driver/debug/src/sl_debug_swo.o
 .comment       0x0000000000000049       0x4a vscode-build/obj/gecko_sdk_4.3.1/platform/emdrv/gpiointerrupt/src/gpiointerrupt.o
 .comment       0x0000000000000049       0x4a vscode-build/obj/gecko_sdk_4.3.1/platform/emlib/src/em_cmu.o
 .comment       0x0000000000000049       0x4a vscode-build/obj/gecko_sdk_4.3.1/platform/emlib/src/em_core.o
 .comment       0x0000000000000049       0x4a vscode-build/obj/gecko_sdk_4.3.1/platform/emlib/src/em_emu.o
 .comment       0x0000000000000049       0x4a vscode-build/obj/gecko_sdk_4.3.1/platform/emlib/src/em_gpio.o
 .comment       0x0000000000000049       0x4a vscode-build/obj/gecko_sdk_4.3.1/platform/emlib/src/em_prs.o
 .comment       0x0000000000000049       0x4a vscode-build/obj/gecko_sdk_4.3.1/platform/emlib/src/em_usart.o
 .comment       0x0000000000000049       0x4a vscode-build/obj/gecko_sdk_4.3.1/platform/middleware/glib/dmd/display/dmd_memlcd.o
 .comment       0x0000000000000049       0x4a vscode-build/obj/gecko_sdk_4.3.1/platform/middleware/glib/fonts/glib_font_narrow_6x8.o
 .comment       0x0000000000000049       0x4a vscode-build/obj/gecko_sdk_4.3.1/platform/middleware/glib/fonts/glib_font_normal_8x8.o
 .comment       0x0000000000000049       0x4a vscode-build/obj/gecko_sdk_4.3.1/platform/middleware/glib/glib/glib.o
 .comment       0x0000000000000049       0x4a vscode-build/obj/gecko_sdk_4.3.1/platform/middleware/glib/glib/glib_line.o
 .comment       0x0000000000000049       0x4a vscode-build/obj/gecko_sdk_4.3.1/platform/middleware/glib/glib/glib_rectangle.o
 .comment       0x0000000000000049       0x4a vscode-build/obj/gecko_sdk_4.3.1/platform/middleware/glib/glib/glib_string.o
 .comment       0x0000000000000049       0x4a vscode-build/obj/gecko_sdk_4.3.1/platform/peripheral/src/peripheral_sysrtc.o
 .comment       0x0000000000000049       0x4a vscode-build/obj/gecko_sdk_4.3.1/platform/service/device_init/src/sl_device_init_dcdc_s2.o
 .comment       0x0000000000000049       0x4a vscode-build/obj/gecko_sdk_4.3.1/platform/service/device_init/src/sl_device_init_emu_s2.o
 .comment       0x0000000000000049       0x4a vscode-build/obj/gecko_sdk_4.3.1/platform/service/device_init/src/sl_device_init_hfxo_s2.o
 .comment       0x0000000000000049       0x4a vscode-build/obj/gecko_sdk_4.3.1/platform/service/device_init/src/sl_device_init_lfxo_s2.o
 .comment       0x0000000000000049       0x4a vscode-build/obj/gecko_sdk_4.3.1/platform/service/device_init/src/sl_device_init_nvic.o
 .comment       0x0000000000000049       0x4a vscode-build/obj/gecko_sdk_4.3.1/platform/service/sleeptimer/src/sl_sleeptimer.o
 .comment       0x0000000000000049       0x4a vscode-build/obj/gecko_sdk_4.3.1/platform/service/sleeptimer/src/sl_sleeptimer_hal_sysrtc.o
 .comment       0x0000000000000049       0x4a vscode-build/obj/gecko_sdk_4.3.1/platform/service/system/src/sl_system_init.o
 .comment       0x0000000000000049       0x4a vscode-build/obj/gecko_sdk_4.3.1/platform/service/system/src/sl_system_process_action.o
 .comment       0x0000000000000049       0x4a vscode-build/obj/gecko_sdk_4.3.1/platform/service/udelay/src/sl_udelay.o
 .comment       0x0000000000000049       0x4a vscode-build/obj/main.o
 .comment       0x0000000000000049       0x4a vscode-build/obj/memlcd_app.o

.debug_info     0x0000000000000000    0x3576e
 .debug_info    0x0000000000000000       0x7e vscode-build/obj/app.o
 .debug_info    0x000000000000007e       0x98 vscode-build/obj/autogen/sl_board_default_init.o
 .debug_info    0x0000000000000116     0x1227 vscode-build/obj/autogen/sl_device_init_clocks.o
 .debug_info    0x000000000000133d     0x13e9 vscode-build/obj/autogen/sl_event_handler.o
 .debug_info    0x0000000000002726      0x334 vscode-build/obj/autogen/sl_simple_button_instances.o
 .debug_info    0x0000000000002a5a      0x515 vscode-build/obj/gecko_sdk_4.3.1/hardware/board/src/sl_board_control_gpio.o
 .debug_info    0x0000000000002f6f      0x2d3 vscode-build/obj/gecko_sdk_4.3.1/hardware/board/src/sl_board_init.o
 .debug_info    0x0000000000003242      0x3dd vscode-build/obj/gecko_sdk_4.3.1/hardware/driver/configuration_over_swo/src/sl_cos.o
 .debug_info    0x000000000000361f     0x240a vscode-build/obj/gecko_sdk_4.3.1/hardware/driver/memlcd/src/memlcd_usart/sl_memlcd_spi.o
 .debug_info    0x0000000000005a29     0x271b vscode-build/obj/gecko_sdk_4.3.1/hardware/driver/memlcd/src/sl_memlcd.o
 .debug_info    0x0000000000008144      0x187 vscode-build/obj/gecko_sdk_4.3.1/hardware/driver/memlcd/src/sl_memlcd_display.o
 .debug_info    0x00000000000082cb     0x22f7 vscode-build/obj/gecko_sdk_4.3.1/hardware/driver/mx25_flash_shutdown/src/sl_mx25_flash_shutdown_usart/sl_mx25_flash_shutdown.o
 .debug_info    0x000000000000a5c2      0x2f4 vscode-build/obj/gecko_sdk_4.3.1/platform/Device/SiliconLabs/EFR32ZG23/Source/startup_efr32zg23.o
 .debug_info    0x000000000000a8b6     0x20c6 vscode-build/obj/gecko_sdk_4.3.1/platform/Device/SiliconLabs/EFR32ZG23/Source/system_efr32zg23.o
 .debug_info    0x000000000000c97c       0x7e vscode-build/obj/gecko_sdk_4.3.1/platform/common/src/sl_assert.o
 .debug_info    0x000000000000c9fa      0x1ed vscode-build/obj/gecko_sdk_4.3.1/platform/common/toolchain/src/sl_memory.o
 .debug_info    0x000000000000cbe7      0x2a6 vscode-build/obj/gecko_sdk_4.3.1/platform/driver/button/src/sl_button.o
 .debug_info    0x000000000000ce8d     0x1df3 vscode-build/obj/gecko_sdk_4.3.1/platform/driver/button/src/sl_simple_button.o
 .debug_info    0x000000000000ec80     0x235c vscode-build/obj/gecko_sdk_4.3.1/platform/driver/debug/src/sl_debug_swo.o
 .debug_info    0x0000000000010fdc     0x1f69 vscode-build/obj/gecko_sdk_4.3.1/platform/emdrv/gpiointerrupt/src/gpiointerrupt.o
 .debug_info    0x0000000000012f45     0x9944 vscode-build/obj/gecko_sdk_4.3.1/platform/emlib/src/em_cmu.o
 .debug_info    0x000000000001c889     0x12fe vscode-build/obj/gecko_sdk_4.3.1/platform/emlib/src/em_core.o
 .debug_info    0x000000000001db87     0x353d vscode-build/obj/gecko_sdk_4.3.1/platform/emlib/src/em_emu.o
 .debug_info    0x00000000000210c4     0x254e vscode-build/obj/gecko_sdk_4.3.1/platform/emlib/src/em_gpio.o
 .debug_info    0x0000000000023612     0x3a77 vscode-build/obj/gecko_sdk_4.3.1/platform/emlib/src/em_prs.o
 .debug_info    0x0000000000027089     0x4490 vscode-build/obj/gecko_sdk_4.3.1/platform/emlib/src/em_usart.o
 .debug_info    0x000000000002b519      0x971 vscode-build/obj/gecko_sdk_4.3.1/platform/middleware/glib/dmd/display/dmd_memlcd.o
 .debug_info    0x000000000002be8a      0x1b1 vscode-build/obj/gecko_sdk_4.3.1/platform/middleware/glib/fonts/glib_font_narrow_6x8.o